21:01:32,949 NOTICE kernel:Linux version 4.18.0-193.el8.x86_64 (mockbuild@kbuilder.bsys.centos.org) (gcc version 8.3.1 20191121 (Red Hat 8.3.1-5) (GCC)) #1 SMP Fri May 8 10:59:10 UTC 2020
21:01:32,949 INFO kernel:Command line: BOOT_IMAGE=vmlinuz initrd=initrd.img inst.stage2=hd:LABEL=CentOS-8-2-2004-x86_64-dvd rd.live.check quiet
21:01:32,949 INFO kernel:x86/fpu: Supporting XSAVE feature 0x001: 'x87 floating point registers'
21:01:32,949 INFO kernel:x86/fpu: Supporting XSAVE feature 0x002: 'SSE registers'
21:01:32,949 INFO kernel:x86/fpu: Supporting XSAVE feature 0x004: 'AVX registers'
21:01:32,949 INFO kernel:x86/fpu: xstate_offset[2]:  576, xstate_sizes[2]:  256
21:01:32,949 INFO kernel:x86/fpu: Enabled xstate features 0x7, context size is 832 bytes, using 'standard' format.
21:01:32,949 INFO kernel:BIOS-provided physical RAM map:
21:01:32,949 INFO kernel:BIOS-e820: [mem 0x0000000000000000-0x000000000009fbff] usable
21:01:32,949 INFO kernel:BIOS-e820: [mem 0x000000000009fc00-0x000000000009ffff] reserved
21:01:32,949 INFO kernel:BIOS-e820: [mem 0x00000000000f0000-0x00000000000fffff] reserved
21:01:32,949 INFO kernel:BIOS-e820: [mem 0x0000000000100000-0x000000007ffeffff] usable
21:01:32,949 INFO kernel:BIOS-e820: [mem 0x000000007fff0000-0x000000007fffffff] ACPI data
21:01:32,949 INFO kernel:BIOS-e820: [mem 0x00000000fec00000-0x00000000fec00fff] reserved
21:01:32,949 INFO kernel:BIOS-e820: [mem 0x00000000fee00000-0x00000000fee00fff] reserved
21:01:32,949 INFO kernel:BIOS-e820: [mem 0x00000000fffc0000-0x00000000ffffffff] reserved
21:01:32,949 INFO kernel:NX (Execute Disable) protection: active
21:01:32,950 INFO kernel:SMBIOS 2.5 present.
21:01:32,950 INFO kernel:DMI: innotek GmbH VirtualBox/VirtualBox, BIOS VirtualBox 12/01/2006
21:01:32,950 INFO kernel:Hypervisor detected: KVM
21:01:32,950 INFO kernel:kvm-clock: Using msrs 4b564d01 and 4b564d00
21:01:32,950 INFO kernel:kvm-clock: cpu 0, msr 72a01001, primary cpu clock
21:01:32,950 INFO kernel:kvm-clock: using sched offset of 15367377516 cycles
21:01:32,950 INFO kernel:clocksource: kvm-clock: mask: 0xffffffffffffffff max_cycles: 0x1cd42e4dffb, max_idle_ns: 881590591483 ns
21:01:32,950 INFO kernel:tsc: Detected 2999.998 MHz processor
21:01:32,950 DEBUG kernel:e820: update [mem 0x00000000-0x00000fff] usable ==> reserved
21:01:32,950 DEBUG kernel:e820: remove [mem 0x000a0000-0x000fffff] usable
21:01:32,950 INFO kernel:last_pfn = 0x7fff0 max_arch_pfn = 0x400000000
21:01:32,950 DEBUG kernel:MTRR default type: uncachable
21:01:32,950 DEBUG kernel:MTRR variable ranges disabled:
21:01:32,950 INFO kernel:Disabled
21:01:32,950 INFO kernel:x86/PAT: MTRRs disabled, skipping PAT initialization too.
21:01:32,950 INFO kernel:CPU MTRRs all blank - virtualized system.
21:01:32,950 INFO kernel:x86/PAT: Configuration [0-7]: WB  WT  UC- UC  WB  WT  UC- UC  
21:01:32,950 INFO kernel:found SMP MP-table at [mem 0x0009fff0-0x0009ffff]
21:01:32,950 DEBUG kernel:BRK [0x72c01000, 0x72c01fff] PGTABLE
21:01:32,950 DEBUG kernel:BRK [0x72c02000, 0x72c02fff] PGTABLE
21:01:32,950 DEBUG kernel:BRK [0x72c03000, 0x72c03fff] PGTABLE
21:01:32,950 DEBUG kernel:BRK [0x72c04000, 0x72c04fff] PGTABLE
21:01:32,950 DEBUG kernel:BRK [0x72c05000, 0x72c05fff] PGTABLE
21:01:32,950 DEBUG kernel:BRK [0x72c06000, 0x72c06fff] PGTABLE
21:01:32,950 INFO kernel:RAMDISK: [mem 0x7c1d6000-0x7ffeffff]
21:01:32,950 INFO kernel:ACPI: Early table checksum verification disabled
21:01:32,950 INFO kernel:ACPI: RSDP 0x00000000000E0000 000024 (v02 VBOX  )
21:01:32,950 INFO kernel:ACPI: XSDT 0x000000007FFF0030 00003C (v01 VBOX   VBOXXSDT 00000001 ASL  00000061)
21:01:32,950 INFO kernel:ACPI: FACP 0x000000007FFF00F0 0000F4 (v04 VBOX   VBOXFACP 00000001 ASL  00000061)
21:01:32,950 INFO kernel:ACPI: DSDT 0x000000007FFF0470 002325 (v02 VBOX   VBOXBIOS 00000002 INTL 20100528)
21:01:32,950 INFO kernel:ACPI: FACS 0x000000007FFF0200 000040
21:01:32,950 INFO kernel:ACPI: FACS 0x000000007FFF0200 000040
21:01:32,950 INFO kernel:ACPI: APIC 0x000000007FFF0240 000054 (v02 VBOX   VBOXAPIC 00000001 ASL  00000061)
21:01:32,950 INFO kernel:ACPI: SSDT 0x000000007FFF02A0 0001CC (v01 VBOX   VBOXCPUT 00000002 INTL 20100528)
21:01:32,950 DEBUG kernel:ACPI: Local APIC address 0xfee00000
21:01:32,950 INFO kernel:No NUMA configuration found
21:01:32,950 INFO kernel:Faking a node at [mem 0x0000000000000000-0x000000007ffeffff]
21:01:32,950 INFO kernel:NODE_DATA(0) allocated [mem 0x7c1ac000-0x7c1d5fff]
21:01:32,950 INFO kernel:Zone ranges:
21:01:32,950 INFO kernel:  DMA      [mem 0x0000000000001000-0x0000000000ffffff]
21:01:32,950 INFO kernel:  DMA32    [mem 0x0000000001000000-0x000000007ffeffff]
21:01:32,950 INFO kernel:  Normal   empty
21:01:32,950 INFO kernel:  Device   empty
21:01:32,950 INFO kernel:Movable zone start for each node
21:01:32,950 INFO kernel:Early memory node ranges
21:01:32,950 INFO kernel:  node   0: [mem 0x0000000000001000-0x000000000009efff]
21:01:32,950 INFO kernel:  node   0: [mem 0x0000000000100000-0x000000007ffeffff]
21:01:32,950 INFO kernel:Zeroed struct page in unavailable ranges: 98 pages
21:01:32,950 INFO kernel:Initmem setup node 0 [mem 0x0000000000001000-0x000000007ffeffff]
21:01:32,950 DEBUG kernel:On node 0 totalpages: 524174
21:01:32,950 DEBUG kernel:  DMA zone: 64 pages used for memmap
21:01:32,950 DEBUG kernel:  DMA zone: 21 pages reserved
21:01:32,950 DEBUG kernel:  DMA zone: 3998 pages, LIFO batch:0
21:01:32,950 DEBUG kernel:  DMA32 zone: 8128 pages used for memmap
21:01:32,950 DEBUG kernel:  DMA32 zone: 520176 pages, LIFO batch:31
21:01:32,950 INFO kernel:ACPI: PM-Timer IO Port: 0x4008
21:01:32,950 DEBUG kernel:ACPI: Local APIC address 0xfee00000
21:01:32,950 INFO kernel:IOAPIC[0]: apic_id 1, version 32, address 0xfec00000, GSI 0-23
21:01:32,950 INFO kernel:ACPI: INT_SRC_OVR (bus 0 bus_irq 0 global_irq 2 dfl dfl)
21:01:32,950 INFO kernel:ACPI: INT_SRC_OVR (bus 0 bus_irq 9 global_irq 9 low level)
21:01:32,950 DEBUG kernel:ACPI: IRQ0 used by override.
21:01:32,951 DEBUG kernel:ACPI: IRQ9 used by override.
21:01:32,951 INFO kernel:Using ACPI (MADT) for SMP configuration information
21:01:32,951 INFO kernel:smpboot: Allowing 1 CPUs, 0 hotplug CPUs
21:01:32,951 INFO kernel:PM: Registered nosave memory: [mem 0x00000000-0x00000fff]
21:01:32,951 INFO kernel:PM: Registered nosave memory: [mem 0x0009f000-0x0009ffff]
21:01:32,951 INFO kernel:PM: Registered nosave memory: [mem 0x000a0000-0x000effff]
21:01:32,951 INFO kernel:PM: Registered nosave memory: [mem 0x000f0000-0x000fffff]
21:01:32,951 INFO kernel:[mem 0x80000000-0xfebfffff] available for PCI devices
21:01:32,951 INFO kernel:Booting paravirtualized kernel on KVM
21:01:32,951 INFO kernel:clocksource: refined-jiffies: mask: 0xffffffff max_cycles: 0xffffffff, max_idle_ns: 1910969940391419 ns
21:01:32,951 INFO kernel:setup_percpu: NR_CPUS:8192 nr_cpumask_bits:1 nr_cpu_ids:1 nr_node_ids:1
21:01:32,951 INFO kernel:percpu: Embedded 53 pages/cpu s180224 r8192 d28672 u2097152
21:01:32,951 DEBUG kernel:pcpu-alloc: s180224 r8192 d28672 u2097152 alloc=1*2097152
21:01:32,951 DEBUG kernel:pcpu-alloc: [0] 0 
21:01:32,951 INFO kernel:Built 1 zonelists, mobility grouping on.  Total pages: 515961
21:01:32,951 INFO kernel:Policy zone: DMA32
21:01:32,951 NOTICE kernel:Kernel command line: BOOT_IMAGE=vmlinuz initrd=initrd.img inst.stage2=hd:LABEL=CentOS-8-2-2004-x86_64-dvd rd.live.check quiet
21:01:32,951 NOTICE kernel:Specific versions of hardware are certified with Red Hat Enterprise Linux 8. Please see the list of hardware certified with Red Hat Enterprise Linux 8 at https://access.redhat.com/ecosystem.
21:01:32,951 INFO kernel:Memory: 261668K/2096696K available (12292K kernel code, 2151K rwdata, 3848K rodata, 2404K init, 6476K bss, 132104K reserved, 0K cma-reserved)
21:01:32,951 INFO kernel:SLUB: HWalign=64, Order=0-3, MinObjects=0, CPUs=1, Nodes=1
21:01:32,951 INFO kernel:Kernel/User page tables isolation: enabled
21:01:32,951 INFO kernel:ftrace: allocating 36334 entries in 142 pages
21:01:32,951 INFO kernel:rcu: Hierarchical RCU implementation.
21:01:32,951 INFO kernel:rcu: #011RCU restricting CPUs from NR_CPUS=8192 to nr_cpu_ids=1.
21:01:32,951 INFO kernel:rcu: RCU calculated value of scheduler-enlistment delay is 100 jiffies.
21:01:32,951 INFO kernel:rcu: Adjusting geometry for rcu_fanout_leaf=16, nr_cpu_ids=1
21:01:32,951 INFO kernel:NR_IRQS: 524544, nr_irqs: 256, preallocated irqs: 16
21:01:32,951 NOTICE kernel:random: get_random_bytes called from start_kernel+0x36b/0x55b with crng_init=0
21:01:32,952 INFO kernel:Console: colour VGA+ 80x25
21:01:32,952 INFO kernel:printk: console [tty0] enabled
21:01:32,952 INFO kernel:ACPI: Core revision 20190703
21:01:32,952 INFO kernel:APIC: Switch to symmetric I/O mode setup
21:01:32,952 INFO kernel:x2apic enabled
21:01:32,952 INFO kernel:Switched APIC routing to physical x2apic.
21:01:32,952 INFO kernel:..TIMER: vector=0x30 apic1=0 pin1=2 apic2=-1 pin2=-1
21:01:32,952 INFO kernel:clocksource: tsc-early: mask: 0xffffffffffffffff max_cycles: 0x2b3e43c8763, max_idle_ns: 440795360101 ns
21:01:32,952 INFO kernel:Calibrating delay loop (skipped) preset value.. 5999.99 BogoMIPS (lpj=2999998)
21:01:32,952 INFO kernel:pid_max: default: 32768 minimum: 301
21:01:32,952 INFO kernel:Security Framework initialized
21:01:32,952 INFO kernel:Yama: becoming mindful.
21:01:32,952 INFO kernel:SELinux:  Initializing.
21:01:32,952 INFO kernel:Dentry cache hash table entries: 262144 (order: 9, 2097152 bytes)
21:01:32,952 INFO kernel:Inode-cache hash table entries: 131072 (order: 8, 1048576 bytes)
21:01:32,952 INFO kernel:Mount-cache hash table entries: 4096 (order: 3, 32768 bytes)
21:01:32,952 INFO kernel:Mountpoint-cache hash table entries: 4096 (order: 3, 32768 bytes)
21:01:32,952 INFO kernel:process: using mwait in idle threads
21:01:32,952 INFO kernel:Last level iTLB entries: 4KB 128, 2MB 8, 4MB 8
21:01:32,952 INFO kernel:Last level dTLB entries: 4KB 64, 2MB 0, 4MB 0, 1GB 4
21:01:32,952 INFO kernel:FEATURE SPEC_CTRL Not Present
21:01:32,952 INFO kernel:FEATURE IBPB_SUPPORT Not Present
21:01:32,952 INFO kernel:Spectre V1 : Mitigation: usercopy/swapgs barriers and __user pointer sanitization
21:01:32,952 INFO kernel:Spectre V2 : Mitigation: Full generic retpoline
21:01:32,952 INFO kernel:Spectre V2 : Spectre v2 / SpectreRSB mitigation: Filling RSB on context switch
21:01:32,952 INFO kernel:Speculative Store Bypass: Vulnerable
21:01:32,952 INFO kernel:MDS: Vulnerable: Clear CPU buffers attempted, no microcode
21:01:32,952 INFO kernel:Freeing SMP alternatives memory: 32K
21:01:32,952 INFO kernel:smpboot: CPU0: Intel(R) Core(TM) i5-7400 CPU @ 3.00GHz (family: 0x6, model: 0x9e, stepping: 0x9)
21:01:32,952 INFO kernel:Performance Events: unsupported p6 CPU model 158 no PMU driver, software events only.
21:01:32,952 INFO kernel:rcu: Hierarchical SRCU implementation.
21:01:32,952 INFO kernel:NMI watchdog: Perf NMI watchdog permanently disabled
21:01:32,952 INFO kernel:smp: Bringing up secondary CPUs ...
21:01:32,952 INFO kernel:smp: Brought up 1 node, 1 CPU
21:01:32,952 INFO kernel:smpboot: Max logical packages: 1
21:01:32,952 INFO kernel:smpboot: Total of 1 processors activated (5999.99 BogoMIPS)
21:01:32,952 INFO kernel:node 0 initialised, 425731 pages in 1ms
21:01:32,952 INFO kernel:devtmpfs: initialized
21:01:32,952 INFO kernel:x86/mm: Memory block size: 128MB
21:01:32,952 INFO kernel:clocksource: jiffies: mask: 0xffffffff max_cycles: 0xffffffff, max_idle_ns: 1911260446275000 ns
21:01:32,952 INFO kernel:futex hash table entries: 256 (order: 2, 16384 bytes)
21:01:32,952 INFO kernel:pinctrl core: initialized pinctrl subsystem
21:01:32,952 INFO kernel:NET: Registered protocol family 16
21:01:32,952 INFO kernel:audit: initializing netlink subsys (disabled)
21:01:32,952 INFO kernel:cpuidle: using governor menu
21:01:32,952 INFO kernel:ACPI: bus type PCI registered
21:01:32,952 INFO kernel:acpiphp: ACPI Hot Plug PCI Controller Driver version: 0.5
21:01:32,952 INFO kernel:PCI: Using configuration type 1 for base access
21:01:32,952 NOTICE kernel:audit: type=2000 audit(1598562102.867:1): state=initialized audit_enabled=0 res=1
21:01:32,952 INFO kernel:HugeTLB registered 2.00 MiB page size, pre-allocated 0 pages
21:01:32,952 INFO kernel:cryptd: max_cpu_qlen set to 1000
21:01:32,954 INFO kernel:ACPI: Added _OSI(Module Device)
21:01:32,954 INFO kernel:ACPI: Added _OSI(Processor Device)
21:01:32,954 INFO kernel:ACPI: Added _OSI(3.0 _SCP Extensions)
21:01:32,954 INFO kernel:ACPI: Added _OSI(Processor Aggregator Device)
21:01:32,954 INFO kernel:ACPI: Added _OSI(Linux-Dell-Video)
21:01:32,954 INFO kernel:ACPI: Added _OSI(Linux-Lenovo-NV-HDMI-Audio)
21:01:32,954 INFO kernel:ACPI: Added _OSI(Linux-HPI-Hybrid-Graphics)
21:01:32,954 INFO kernel:ACPI: 2 ACPI AML tables successfully acquired and loaded
21:01:32,954 INFO kernel:ACPI: Interpreter enabled
21:01:32,954 INFO kernel:ACPI: (supports S0 S5)
21:01:32,954 INFO kernel:ACPI: Using IOAPIC for interrupt routing
21:01:32,954 INFO kernel:PCI: Using host bridge windows from ACPI; if necessary, use "pci=nocrs" and report a bug
21:01:32,954 INFO kernel:ACPI: Enabled 2 GPEs in block 00 to 07
21:01:32,954 INFO kernel:ACPI: PCI Root Bridge [PCI0] (domain 0000 [bus 00-ff])
21:01:32,954 INFO kernel:acpi PNP0A03:00: _OSC: OS supports [ASPM ClockPM Segments MSI HPX-Type3]
21:01:32,954 INFO kernel:acpi PNP0A03:00: _OSC: not requesting OS control; OS requires [ExtendedConfig ASPM ClockPM MSI]
21:01:32,954 WARNING kernel:acpi PNP0A03:00: fail to add MMCONFIG information, can't access extended PCI configuration space under this bridge.
21:01:32,954 INFO kernel:PCI host bridge to bus 0000:00
21:01:32,955 INFO kernel:pci_bus 0000:00: root bus resource [io  0x0000-0x0cf7 window]
21:01:32,955 INFO kernel:pci_bus 0000:00: root bus resource [io  0x0d00-0xffff window]
21:01:32,955 INFO kernel:pci_bus 0000:00: root bus resource [mem 0x000a0000-0x000bffff window]
21:01:32,955 INFO kernel:pci_bus 0000:00: root bus resource [mem 0x80000000-0xfdffffff window]
21:01:32,958 INFO kernel:pci_bus 0000:00: root bus resource [bus 00-ff]
21:01:32,958 INFO kernel:pci 0000:00:00.0: [8086:1237] type 00 class 0x060000
21:01:32,958 INFO kernel:pci 0000:00:01.0: [8086:7000] type 00 class 0x060100
21:01:32,958 INFO kernel:pci 0000:00:01.1: [8086:7111] type 00 class 0x01018a
21:01:32,959 INFO kernel:pci 0000:00:01.1: reg 0x20: [io  0xd000-0xd00f]
21:01:32,959 INFO kernel:pci 0000:00:01.1: legacy IDE quirk: reg 0x10: [io  0x01f0-0x01f7]
21:01:32,959 INFO kernel:pci 0000:00:01.1: legacy IDE quirk: reg 0x14: [io  0x03f6]
21:01:32,959 INFO kernel:pci 0000:00:01.1: legacy IDE quirk: reg 0x18: [io  0x0170-0x0177]
21:01:32,960 INFO kernel:pci 0000:00:01.1: legacy IDE quirk: reg 0x1c: [io  0x0376]
21:01:32,960 INFO kernel:pci 0000:00:02.0: [15ad:0405] type 00 class 0x030000
21:01:32,960 INFO kernel:pci 0000:00:02.0: reg 0x10: [io  0xd010-0xd01f]
21:01:32,960 INFO kernel:pci 0000:00:02.0: reg 0x14: [mem 0xf0000000-0xf0ffffff pref]
21:01:32,961 INFO kernel:pci 0000:00:02.0: reg 0x18: [mem 0xf1000000-0xf11fffff]
21:01:32,961 INFO kernel:pci 0000:00:03.0: [8086:100e] type 00 class 0x020000
21:01:32,963 INFO kernel:pci 0000:00:03.0: reg 0x10: [mem 0xf1200000-0xf121ffff]
21:01:32,963 INFO kernel:pci 0000:00:03.0: reg 0x18: [io  0xd020-0xd027]
21:01:32,964 INFO kernel:pci 0000:00:04.0: [80ee:cafe] type 00 class 0x088000
21:01:32,964 INFO kernel:pci 0000:00:04.0: reg 0x10: [io  0xd040-0xd05f]
21:01:32,964 INFO kernel:pci 0000:00:04.0: reg 0x14: [mem 0xf1400000-0xf17fffff]
21:01:32,964 INFO kernel:pci 0000:00:04.0: reg 0x18: [mem 0xf1800000-0xf1803fff pref]
21:01:32,964 INFO kernel:pci 0000:00:05.0: [8086:2415] type 00 class 0x040100
21:01:32,965 INFO kernel:pci 0000:00:05.0: reg 0x10: [io  0xd100-0xd1ff]
21:01:32,965 INFO kernel:pci 0000:00:05.0: reg 0x14: [io  0xd200-0xd23f]
21:01:32,966 INFO kernel:pci 0000:00:06.0: [106b:003f] type 00 class 0x0c0310
21:01:32,966 INFO kernel:pci 0000:00:06.0: reg 0x10: [mem 0xf1804000-0xf1804fff]
21:01:32,966 INFO kernel:pci 0000:00:07.0: [8086:7113] type 00 class 0x068000
21:01:32,966 INFO kernel:pci 0000:00:07.0: quirk: [io  0x4000-0x403f] claimed by PIIX4 ACPI
21:01:32,966 INFO kernel:pci 0000:00:07.0: quirk: [io  0x4100-0x410f] claimed by PIIX4 SMB
21:01:32,967 INFO kernel:pci 0000:00:0d.0: [8086:2829] type 00 class 0x010601
21:01:32,968 INFO kernel:pci 0000:00:0d.0: reg 0x10: [io  0xd240-0xd247]
21:01:32,969 INFO kernel:pci 0000:00:0d.0: reg 0x14: [io  0xd248-0xd24b]
21:01:32,970 INFO kernel:pci 0000:00:0d.0: reg 0x18: [io  0xd250-0xd257]
21:01:32,970 INFO kernel:pci 0000:00:0d.0: reg 0x1c: [io  0xd258-0xd25b]
21:01:32,970 INFO kernel:pci 0000:00:0d.0: reg 0x20: [io  0xd260-0xd26f]
21:01:32,970 INFO kernel:pci 0000:00:0d.0: reg 0x24: [mem 0xf1806000-0xf1807fff]
21:01:32,970 INFO kernel:ACPI: PCI Interrupt Link [LNKA] (IRQs 5 9 10 *11)
21:01:32,970 INFO kernel:ACPI: PCI Interrupt Link [LNKB] (IRQs 5 9 *10 11)
21:01:32,970 INFO kernel:ACPI: PCI Interrupt Link [LNKC] (IRQs 5 *9 10 11)
21:01:32,970 INFO kernel:ACPI: PCI Interrupt Link [LNKD] (IRQs 5 9 10 *11)
21:01:32,970 INFO kernel:iommu: Default domain type: Passthrough 
21:01:32,970 INFO kernel:pci 0000:00:02.0: vgaarb: setting as boot VGA device
21:01:32,970 INFO kernel:pci 0000:00:02.0: vgaarb: VGA device added: decodes=io+mem,owns=io+mem,locks=none
21:01:32,971 INFO kernel:pci 0000:00:02.0: vgaarb: bridge control possible
21:01:32,971 INFO kernel:vgaarb: loaded
21:01:32,971 NOTICE kernel:SCSI subsystem initialized
21:01:32,972 INFO kernel:ACPI: bus type USB registered
21:01:32,972 INFO kernel:usbcore: registered new interface driver usbfs
21:01:32,972 INFO kernel:usbcore: registered new interface driver hub
21:01:32,972 INFO kernel:usbcore: registered new device driver usb
21:01:32,972 INFO kernel:pps_core: LinuxPPS API ver. 1 registered
21:01:32,972 INFO kernel:pps_core: Software ver. 5.3.6 - Copyright 2005-2007 Rodolfo Giometti <giometti@linux.it>
21:01:32,972 INFO kernel:PTP clock support registered
21:01:32,972 INFO kernel:EDAC MC: Ver: 3.0.0
21:01:32,972 INFO kernel:PCI: Using ACPI for IRQ routing
21:01:32,972 DEBUG kernel:PCI: pci_cache_line_size set to 64 bytes
21:01:32,972 DEBUG kernel:e820: reserve RAM buffer [mem 0x0009fc00-0x0009ffff]
21:01:32,972 DEBUG kernel:e820: reserve RAM buffer [mem 0x7fff0000-0x7fffffff]
21:01:32,972 INFO kernel:NetLabel: Initializing
21:01:32,972 INFO kernel:NetLabel:  domain hash size = 128
21:01:32,972 INFO kernel:NetLabel:  protocols = UNLABELED CIPSOv4 CALIPSO
21:01:32,972 INFO kernel:NetLabel:  unlabeled traffic allowed by default
21:01:32,972 INFO kernel:clocksource: Switched to clocksource kvm-clock
21:01:32,972 NOTICE kernel:VFS: Disk quotas dquot_6.6.0
21:01:32,972 INFO kernel:VFS: Dquot-cache hash table entries: 512 (order 0, 4096 bytes)
21:01:32,972 INFO kernel:pnp: PnP ACPI init
21:01:32,972 DEBUG kernel:pnp 00:00: Plug and Play ACPI device, IDs PNP0303 (active)
21:01:32,973 DEBUG kernel:pnp 00:01: Plug and Play ACPI device, IDs PNP0f03 (active)
21:01:32,973 INFO kernel:pnp: PnP ACPI: found 2 devices
21:01:32,973 INFO kernel:clocksource: acpi_pm: mask: 0xffffff max_cycles: 0xffffff, max_idle_ns: 2085701024 ns
21:01:32,973 INFO kernel:pci_bus 0000:00: resource 4 [io  0x0000-0x0cf7 window]
21:01:32,973 INFO kernel:pci_bus 0000:00: resource 5 [io  0x0d00-0xffff window]
21:01:32,973 INFO kernel:pci_bus 0000:00: resource 6 [mem 0x000a0000-0x000bffff window]
21:01:32,973 INFO kernel:pci_bus 0000:00: resource 7 [mem 0x80000000-0xfdffffff window]
21:01:32,973 INFO kernel:NET: Registered protocol family 2
21:01:32,973 INFO kernel:tcp_listen_portaddr_hash hash table entries: 1024 (order: 2, 16384 bytes)
21:01:32,973 INFO kernel:TCP established hash table entries: 16384 (order: 5, 131072 bytes)
21:01:32,973 INFO kernel:TCP bind hash table entries: 16384 (order: 6, 262144 bytes)
21:01:32,973 INFO kernel:TCP: Hash tables configured (established 16384 bind 16384)
21:01:32,973 INFO kernel:UDP hash table entries: 1024 (order: 3, 32768 bytes)
21:01:32,973 INFO kernel:UDP-Lite hash table entries: 1024 (order: 3, 32768 bytes)
21:01:32,973 INFO kernel:NET: Registered protocol family 1
21:01:32,973 INFO kernel:NET: Registered protocol family 44
21:01:32,973 INFO kernel:pci 0000:00:00.0: Limiting direct PCI/PCI transfers
21:01:32,973 INFO kernel:pci 0000:00:01.0: Activating ISA DMA hang workarounds
21:01:32,977 INFO kernel:pci 0000:00:02.0: Video device with shadowed ROM at [mem 0x000c0000-0x000dffff]
21:01:32,977 INFO kernel:PCI: CLS 0 bytes, default 64
21:01:32,977 INFO kernel:Unpacking initramfs...
21:01:32,977 INFO kernel:Freeing initrd memory: 63592K
21:01:32,977 INFO kernel:clocksource: tsc: mask: 0xffffffffffffffff max_cycles: 0x2b3e43c8763, max_idle_ns: 440795360101 ns
21:01:32,977 INFO kernel:clocksource: Switched to clocksource tsc
21:01:32,977 INFO kernel:platform rtc_cmos: registered platform RTC device (no PNP device found)
21:01:32,977 NOTICE kernel:Initialise system trusted keyrings
21:01:32,977 NOTICE kernel:Key type blacklist registered
21:01:32,977 INFO kernel:workingset: timestamp_bits=36 max_order=19 bucket_order=0
21:01:32,977 INFO kernel:zbud: loaded
21:01:32,977 INFO kernel:pstore: using deflate compression
21:01:32,978 NOTICE kernel:Platform Keyring initialized
21:01:32,978 INFO kernel:NET: Registered protocol family 38
21:01:32,978 NOTICE kernel:Key type asymmetric registered
21:01:32,978 NOTICE kernel:Asymmetric key parser 'x509' registered
21:01:32,978 INFO kernel:Block layer SCSI generic (bsg) driver version 0.4 loaded (major 246)
21:01:32,978 INFO kernel:io scheduler mq-deadline registered
21:01:32,978 INFO kernel:io scheduler kyber registered
21:01:32,978 INFO kernel:io scheduler bfq registered
21:01:32,978 INFO kernel:atomic64_test: passed for x86-64 platform with CX8 and with SSE
21:01:32,978 INFO kernel:shpchp: Standard Hot Plug PCI Controller Driver version: 0.4
21:01:32,978 INFO kernel:ACPI: AC Adapter [AC] (on-line)
21:01:32,978 INFO kernel:input: Power Button as /devices/LNXSYSTM:00/LNXPWRBN:00/input/input0
21:01:32,978 INFO kernel:ACPI: Power Button [PWRF]
21:01:32,978 INFO kernel:input: Sleep Button as /devices/LNXSYSTM:00/LNXSLPBN:00/input/input1
21:01:32,978 INFO kernel:ACPI: Sleep Button [SLPF]
21:01:32,978 INFO kernel:battery: ACPI: Battery Slot [BAT0] (battery present)
21:01:32,978 INFO kernel:Serial: 8250/16550 driver, 4 ports, IRQ sharing enabled
21:01:32,978 INFO kernel:Non-volatile memory driver v1.3
21:01:32,978 INFO kernel:rdac: device handler registered
21:01:32,978 INFO kernel:hp_sw: device handler registered
21:01:32,978 INFO kernel:emc: device handler registered
21:01:32,978 INFO kernel:alua: device handler registered
21:01:32,978 INFO kernel:libphy: Fixed MDIO Bus: probed
21:01:32,978 INFO kernel:ehci_hcd: USB 2.0 'Enhanced' Host Controller (EHCI) Driver
21:01:32,978 INFO kernel:ehci-pci: EHCI PCI platform driver
21:01:32,978 INFO kernel:ohci_hcd: USB 1.1 'Open' Host Controller (OHCI) Driver
21:01:32,978 INFO kernel:ohci-pci: OHCI PCI platform driver
21:01:32,979 INFO kernel:ohci-pci 0000:00:06.0: OHCI PCI host controller
21:01:32,979 INFO kernel:ohci-pci 0000:00:06.0: new USB bus registered, assigned bus number 1
21:01:32,979 INFO kernel:ohci-pci 0000:00:06.0: irq 22, io mem 0xf1804000
21:01:32,979 INFO kernel:usb usb1: New USB device found, idVendor=1d6b, idProduct=0001, bcdDevice= 4.18
21:01:32,982 INFO kernel:usb usb1: New USB device strings: Mfr=3, Product=2, SerialNumber=1
21:01:32,982 INFO kernel:usb usb1: Product: OHCI PCI host controller
21:01:32,982 INFO kernel:usb usb1: Manufacturer: Linux 4.18.0-193.el8.x86_64 ohci_hcd
21:01:32,982 INFO kernel:usb usb1: SerialNumber: 0000:00:06.0
21:01:32,982 INFO kernel:hub 1-0:1.0: USB hub found
21:01:32,983 INFO kernel:hub 1-0:1.0: 12 ports detected
21:01:32,983 INFO kernel:uhci_hcd: USB Universal Host Controller Interface driver
21:01:32,983 INFO kernel:usbcore: registered new interface driver usbserial_generic
21:01:32,983 INFO kernel:usbserial: USB Serial support registered for generic
21:01:32,983 INFO kernel:i8042: PNP: PS/2 Controller [PNP0303:PS2K,PNP0f03:PS2M] at 0x60,0x64 irq 1,12
21:01:32,983 INFO kernel:serio: i8042 KBD port at 0x60,0x64 irq 1
21:01:32,983 INFO kernel:serio: i8042 AUX port at 0x60,0x64 irq 12
21:01:32,983 INFO kernel:mousedev: PS/2 mouse device common for all mice
21:01:32,983 INFO kernel:input: AT Translated Set 2 keyboard as /devices/platform/i8042/serio0/input/input2
21:01:32,984 INFO kernel:rtc_cmos rtc_cmos: registered as rtc0
21:01:32,984 INFO kernel:rtc_cmos rtc_cmos: alarms up to one day, 114 bytes nvram
21:01:32,984 INFO kernel:intel_pstate: CPU model not supported
21:01:32,984 INFO kernel:hidraw: raw HID events driver (C) Jiri Kosina
21:01:32,984 INFO kernel:usbcore: registered new interface driver usbhid
21:01:32,984 INFO kernel:usbhid: USB HID core driver
21:01:32,984 INFO kernel:drop_monitor: Initializing network drop monitor service
21:01:32,984 INFO kernel:Initializing XFRM netlink socket
21:01:32,984 INFO kernel:NET: Registered protocol family 10
21:01:32,984 INFO kernel:Segment Routing with IPv6
21:01:32,984 INFO kernel:NET: Registered protocol family 17
21:01:32,984 INFO kernel:mpls_gso: MPLS GSO support
21:01:32,984 INFO kernel:core: Using 0 MCE banks
21:01:32,984 INFO kernel:AVX2 version of gcm_enc/dec engaged.
21:01:32,984 INFO kernel:AES CTR mode by8 optimization enabled
21:01:32,984 INFO kernel:sched_clock: Marking stable (4866801380, 0)->(5497582406, -630781026)
21:01:32,984 INFO kernel:registered taskstats version 1
21:01:32,984 NOTICE kernel:Loading compiled-in X.509 certificates
21:01:32,984 NOTICE kernel:Loaded X.509 cert 'CentOS Linux kernel signing key: 5e845a6615b39bf1de63e0d9551f41c3de386d7f'
21:01:32,984 NOTICE kernel:Loaded X.509 cert 'CentOS Linux Driver update signing key: 29bd4c0d06d2e9911044b5dc973309139b51d6d5'
21:01:32,984 NOTICE kernel:Loaded X.509 cert 'CentOS Linux kpatch signing key: b49f086205909dc4da2cfa99376fb191d2f09e78'
21:01:32,984 INFO kernel:zswap: loaded using pool lzo/zbud
21:01:32,984 NOTICE kernel:Key type big_key registered
21:01:32,984 NOTICE kernel:Key type encrypted registered
21:01:32,984 INFO kernel:ima: No TPM chip found, activating TPM-bypass!
21:01:32,984 INFO kernel:ima: Allocated hash algorithm: sha1
21:01:32,984 INFO kernel:evm: Initialising EVM extended attributes:
21:01:32,984 INFO kernel:evm: security.selinux
21:01:32,984 INFO kernel:evm: security.ima
21:01:32,984 INFO kernel:evm: security.capability
21:01:32,984 INFO kernel:evm: HMAC attrs: 0x1
21:01:32,984 INFO kernel:rtc_cmos rtc_cmos: setting system clock to 2020-08-27 21:01:30 UTC (1598562090)
21:01:32,984 INFO kernel:Freeing unused decrypted memory: 2040K
21:01:32,984 INFO kernel:Freeing unused kernel memory: 2404K
21:01:32,984 INFO kernel:Write protecting the kernel read-only data: 18432k
21:01:32,984 INFO kernel:Freeing unused kernel memory: 2020K
21:01:32,985 INFO kernel:Freeing unused kernel memory: 248K
21:01:32,985 INFO systemd:systemd 239 running in system mode. (+PAM +AUDIT +SELINUX +IMA -APPARMOR +SMACK +SYSVINIT +UTMP +LIBCRYPTSETUP +GCRYPT +GNUTLS +ACL +XZ +LZ4 +SECCOMP +BLKID +ELFUTILS +KMOD +IDN2 -IDN +PCRE2 default-hierarchy=legacy)
21:01:32,985 INFO systemd:Detected virtualization oracle.
21:01:32,985 INFO systemd:Detected architecture x86-64.
21:01:32,985 INFO systemd:Running in initial RAM disk.
21:01:32,985 INFO systemd:No hostname configured.
21:01:32,985 INFO systemd:Set hostname to <localhost>.
21:01:32,985 NOTICE kernel:random: systemd: uninitialized urandom read (16 bytes read)
21:01:32,985 INFO systemd:Initializing machine ID from random generator.
21:01:32,985 NOTICE kernel:random: ln: uninitialized urandom read (6 bytes read)
21:01:32,985 NOTICE kernel:random: systemd: uninitialized urandom read (16 bytes read)
21:01:32,985 INFO systemd:Listening on udev Kernel Socket.
21:01:32,985 INFO systemd:Reached target Swap.
21:01:32,985 INFO systemd:Reached target Slices.
21:01:32,985 INFO kernel:input: ImExPS/2 Generic Explorer Mouse as /devices/platform/i8042/serio1/input/input4
21:01:32,985 INFO kernel:Loading iSCSI transport class v2.0-870.
21:01:32,985 INFO kernel:BIOS EDD facility v0.16 2004-Jun-25, 1 devices found
21:01:32,985 NOTICE kernel:iscsi: registered transport (tcp)
21:01:32,985 NOTICE kernel:iscsi: registered transport (qla4xxx)
21:01:32,985 INFO kernel:QLogic iSCSI HBA Driver
21:01:32,985 INFO kernel:libcxgbi:libcxgbi_init_module: Chelsio iSCSI driver library libcxgbi v0.9.1-ko (Apr. 2015)
21:01:32,985 INFO kernel:Chelsio T4-T6 iSCSI Driver cxgb4i v0.9.5-ko (Apr. 2015)
21:01:32,987 NOTICE kernel:iscsi: registered transport (cxgb4i)
21:01:32,987 INFO kernel:cnic: QLogic cnicDriver v2.5.22 (July 20, 2015)
21:01:32,987 INFO kernel:QLogic NetXtreme II iSCSI Driver bnx2i v2.7.10.1 (Jul 16, 2014)
21:01:32,987 NOTICE kernel:iscsi: registered transport (bnx2i)
21:01:32,987 NOTICE kernel:iscsi: registered transport (be2iscsi)
21:01:32,987 INFO kernel:In beiscsi_module_init, tt=000000009661356e
21:01:32,987 INFO kernel:squashfs: version 4.0 (2009/01/31) Phillip Lougher
21:01:32,987 INFO kernel:No iBFT detected.
21:01:32,987 INFO kernel:raid6: sse2x1   gen() 10582 MB/s
21:01:32,987 INFO kernel:raid6: sse2x1   xor()  7324 MB/s
21:01:32,987 INFO kernel:raid6: sse2x2   gen() 10867 MB/s
21:01:32,987 INFO kernel:raid6: sse2x2   xor()  8078 MB/s
21:01:32,987 INFO kernel:raid6: sse2x4   gen() 15128 MB/s
21:01:32,987 INFO kernel:raid6: sse2x4   xor()  8845 MB/s
21:01:32,987 INFO kernel:raid6: avx2x1   gen() 23531 MB/s
21:01:32,987 INFO kernel:raid6: avx2x1   xor() 15601 MB/s
21:01:32,987 INFO kernel:raid6: avx2x2   gen() 29421 MB/s
21:01:32,987 INFO kernel:raid6: avx2x2   xor() 17875 MB/s
21:01:32,987 INFO kernel:raid6: avx2x4   gen() 33277 MB/s
21:01:32,987 INFO kernel:raid6: avx2x4   xor() 20607 MB/s
21:01:32,987 INFO kernel:raid6: using algorithm avx2x4 gen() 33277 MB/s
21:01:32,987 INFO kernel:raid6: .... xor() 20607 MB/s, rmw enabled
21:01:32,987 INFO kernel:raid6: using avx2x2 recovery algorithm
21:01:32,987 INFO systemd-journald:Journal started
21:01:32,987 INFO systemd-journald:Runtime journal (/run/log/journal/f1d3efe7ed9b4ea5874f8f6a86075a9d) is 8.0M, max 99.3M, 91.3M free.
21:01:32,990 INFO rngd:Initializing available sources
21:01:32,990 INFO rngd:Failed to init entropy source hwrng
21:01:32,990 INFO rngd:Enabling RDSEED rng support
21:01:32,990 INFO rngd:Initializing entropy source rdrand
21:01:32,993 INFO dracut-cmdline:dracut-8 (Core) dracut-049-70.git20200228.el8
21:01:32,993 INFO dracut-cmdline:Using kernel command line parameters: BOOT_IMAGE=vmlinuz initrd=initrd.img inst.stage2=hd:LABEL=CentOS-8-2-2004-x86_64-dvd rd.live.check quiet
21:01:32,993 INFO dracut-cmdline:Loading CentOS Linux 8 x86_64 installer...
21:01:32,993 INFO dracut-cmdline:rd.luks=0: removing cryptoluks activation
21:01:32,993 INFO dracut-cmdline:rd.lvm=0: removing LVM activation
21:01:32,994 INFO dracut-pre-udev:modprobe: FATAL: Module floppy not found in directory /lib/modules/4.18.0-193.el8.x86_64
21:01:33,134 INFO kernel:async_tx: api initialized (async)
21:01:33,140 INFO kernel:xor: automatically using best checksumming function   avx       
21:01:33,339 INFO kernel:device-mapper: uevent: version 1.0.3
21:01:33,340 INFO kernel:device-mapper: ioctl: 4.39.0-ioctl (2018-04-03) initialised: dm-devel@redhat.com
21:01:33,495 INFO kernel:device-mapper: multipath round-robin: version 1.2.0 loaded
21:01:33,569 INFO dracut-pre-udev:modprobe: ERROR: could not insert 'sha256_mb': No such device
21:01:33,745 INFO kernel:RPC: Registered named UNIX socket transport module.
21:01:33,745 INFO kernel:RPC: Registered udp transport module.
21:01:33,745 INFO kernel:RPC: Registered tcp transport module.
21:01:33,745 INFO kernel:RPC: Registered tcp NFSv4.1 backchannel transport module.
21:01:33,875 NOTICE rpc.statd:Version 2.3.3 starting
21:01:33,884 NOTICE rpc.statd:Initializing NSM state
21:01:33,958 WARNING rpc.statd:Running as root.  chown /var/lib/nfs/statd to choose different user
21:01:34,011 WARNING rpc.idmapd:Setting log level to 0
21:01:34,063 INFO systemd:Started dracut pre-udev hook.
21:01:34,063 INFO systemd:Starting udev Kernel Device Manager...
21:01:35,142 INFO rngd:Initializing AES buffer
21:01:35,142 INFO rngd:Enabling JITTER rng support
21:01:35,142 INFO rngd:Initializing entropy source jitter
21:01:35,143 NOTICE kernel:random: crng init done
21:01:35,143 NOTICE kernel:random: 7 urandom warning(s) missed due to ratelimiting
21:01:35,362 INFO systemd:Started udev Kernel Device Manager.
21:01:35,362 INFO systemd:Starting dracut pre-trigger hook...
21:01:35,420 INFO lldpad:config file failed to load,
21:01:35,420 INFO lldpad:create a new file.
21:01:35,421 INFO lldpad:bound ctrl iface to /com/intel/lldpad
21:01:35,425 INFO dracut-pre-trigger:797
21:01:35,459 INFO dracut-pre-trigger:rd.md=0: removing MD RAID activation
21:01:35,700 INFO systemd:Started dracut pre-trigger hook.
21:01:35,700 INFO systemd:Starting udev Coldplug all Devices...
21:01:35,796 INFO systemd:Mounting Kernel Configuration File System...
21:01:35,814 INFO systemd:Mounted Kernel Configuration File System.
21:01:35,888 INFO systemd:Started udev Coldplug all Devices.
21:01:35,888 INFO systemd:Starting udev Wait for Complete Device Initialization...
21:01:35,911 INFO systemd:Starting Show Plymouth Boot Screen...
21:01:35,956 INFO kernel:ACPI: Video Device [GFX0] (multi-head: yes  rom: no  post: no)
21:01:35,957 INFO kernel:input: Video Bus as /devices/LNXSYSTM:00/LNXSYBUS:00/PNP0A03:00/LNXVIDEO:00/input/input5
21:01:36,011 INFO systemd-udevd:link_config: autonegotiation is unset or enabled, the speed and duplex are not writable.
21:01:36,023 INFO systemd:Started Show Plymouth Boot Screen.
21:01:36,023 INFO systemd:Received SIGRTMIN+20 from PID 882 (plymouthd).
21:01:36,044 INFO kernel:e1000: Intel(R) PRO/1000 Network Driver - version 7.3.21-k8-NAPI
21:01:36,044 INFO kernel:e1000: Copyright (c) 1999-2006 Intel Corporation.
21:01:36,044 WARNING kernel:e1000: E1000 MODULE IS NOT SUPPORTED
21:01:36,048 INFO systemd:Reached target Paths.
21:01:36,049 INFO systemd:Reached target Local Encrypted Volumes.
21:01:36,050 INFO systemd:Started Forward Password Requests to Plymouth Directory Watch.
21:01:36,127 DEBUG kernel:libata version 3.00 loaded.
21:01:36,144 DEBUG kernel:ata_piix 0000:00:01.1: version 2.13
21:01:36,161 INFO kernel:scsi host0: ata_piix
21:01:36,161 DEBUG kernel:ahci 0000:00:0d.0: version 3.0
21:01:36,167 INFO kernel:ahci 0000:00:0d.0: SSS flag set, parallel bus scan disabled
21:01:36,168 INFO kernel:ahci 0000:00:0d.0: AHCI 0001.0100 32 slots 1 ports 3 Gbps 0x1 impl SATA mode
21:01:36,168 INFO kernel:ahci 0000:00:0d.0: flags: 64bit ncq stag only ccc 
21:01:36,168 INFO kernel:scsi host1: ata_piix
21:01:36,168 INFO kernel:ata1: PATA max UDMA/33 cmd 0x1f0 ctl 0x3f6 bmdma 0xd000 irq 14
21:01:36,168 INFO kernel:ata2: PATA max UDMA/33 cmd 0x170 ctl 0x376 bmdma 0xd008 irq 15
21:01:36,176 INFO kernel:scsi host2: ahci
21:01:36,176 INFO kernel:ata3: SATA max UDMA/133 abar m8192@0xf1806000 port 0xf1806100 irq 21
21:01:36,336 INFO kernel:ata2.00: ATAPI: VBOX CD-ROM, 1.0, max UDMA/133
21:01:36,341 NOTICE kernel:scsi 1:0:0:0: CD-ROM            VBOX     CD-ROM           1.0  PQ: 0 ANSI: 5
21:01:36,360 INFO kernel:[drm] DMA map mode: Caching DMA mappings.
21:01:36,360 INFO kernel:[drm] Capabilities:
21:01:36,360 INFO kernel:[drm]   Cursor.
21:01:36,360 INFO kernel:[drm]   Cursor bypass 2.
21:01:36,360 INFO kernel:[drm]   Alpha cursor.
21:01:36,360 INFO kernel:[drm]   3D.
21:01:36,360 INFO kernel:[drm]   Extended Fifo.
21:01:36,360 INFO kernel:[drm]   Pitchlock.
21:01:36,360 INFO kernel:[drm]   Irq mask.
21:01:36,360 INFO kernel:[drm]   GMR.
21:01:36,360 INFO kernel:[drm]   Traces.
21:01:36,360 INFO kernel:[drm]   GMR2.
21:01:36,360 INFO kernel:[drm]   Screen Object 2.
21:01:36,360 INFO kernel:[drm] Max GMR ids is 8192
21:01:36,360 INFO kernel:[drm] Max number of GMR pages is 1048576
21:01:36,360 INFO kernel:[drm] Max dedicated hypervisor surface memory is 507904 kiB
21:01:36,360 INFO kernel:[drm] Maximum display memory size is 16384 kiB
21:01:36,360 INFO kernel:[drm] VRAM at 0xf0000000 size is 16384 kiB
21:01:36,360 INFO kernel:[drm] MMIO at 0xf1000000 size is 2048 kiB
21:01:36,368 INFO kernel:[TTM] Zone  kernel: Available graphics memory: 1017464 KiB
21:01:36,368 INFO kernel:[TTM] Initializing pool allocator
21:01:36,368 INFO kernel:[TTM] Initializing DMA pool allocator
21:01:36,368 INFO kernel:[drm] Supports vblank timestamp caching Rev 2 (21.10.2013).
21:01:36,368 INFO kernel:[drm] No driver support for vblank timestamp query.
21:01:36,368 INFO kernel:[drm] Screen Objects Display Unit initialized
21:01:36,368 INFO kernel:[drm] width 720
21:01:36,368 INFO kernel:[drm] height 400
21:01:36,368 INFO kernel:[drm] bpp 32
21:01:36,368 INFO kernel:[drm] Fifo max 0x00200000 min 0x00001000 cap 0x00000355
21:01:36,370 INFO kernel:[drm] DX: no.
21:01:36,370 INFO kernel:[drm] Atomic: yes.
21:01:36,370 INFO kernel:[drm] SM4_1: no.
21:01:36,370 ERR kernel:[drm:vmw_host_log [vmwgfx]] *ERROR* Failed to send host log message.
21:01:36,371 ERR kernel:[drm:vmw_host_log [vmwgfx]] *ERROR* Failed to send host log message.
21:01:36,373 INFO kernel:fbcon: svgadrmfb (fb0) is primary device
21:01:36,378 INFO kernel:Console: switching to colour frame buffer device 100x37
21:01:36,380 INFO kernel:[drm] Initialized vmwgfx 2.15.0 20180704 for 0000:00:02.0 on minor 0
21:01:36,493 INFO kernel:ata3: SATA link up 3.0 Gbps (SStatus 123 SControl 300)
21:01:36,493 INFO kernel:ata3.00: ATA-6: VBOX HARDDISK, 1.0, max UDMA/133
21:01:36,493 INFO kernel:ata3.00: 16777216 sectors, multi 128: LBA48 NCQ (depth 32)
21:01:36,493 INFO kernel:ata3.00: configured for UDMA/133
21:01:36,494 NOTICE kernel:scsi 2:0:0:0: Direct-Access     ATA      VBOX HARDDISK    1.0  PQ: 0 ANSI: 5
21:01:36,523 NOTICE kernel:scsi 1:0:0:0: Attached scsi generic sg0 type 5
21:01:36,523 NOTICE kernel:scsi 2:0:0:0: Attached scsi generic sg1 type 0
21:01:36,534 NOTICE kernel:sd 2:0:0:0: [sda] 16777216 512-byte logical blocks: (8.59 GB/8.00 GiB)
21:01:36,534 NOTICE kernel:sd 2:0:0:0: [sda] Write Protect is off
21:01:36,534 DEBUG kernel:sd 2:0:0:0: [sda] Mode Sense: 00 3a 00 00
21:01:36,534 NOTICE kernel:sd 2:0:0:0: [sda] Write cache: enabled, read cache: enabled, doesn't support DPO or FUA
21:01:36,545 NOTICE kernel:sd 2:0:0:0: [sda] Attached SCSI disk
21:01:36,549 INFO kernel:sr 1:0:0:0: [sr0] scsi3-mmc drive: 32x/32x xa/form2 tray
21:01:36,549 INFO kernel:cdrom: Uniform CD-ROM driver Revision: 3.20
21:01:36,549 DEBUG kernel:sr 1:0:0:0: Attached scsi CD-ROM sr0
21:01:37,076 INFO kernel:e1000 0000:00:03.0 eth0: (PCI:33MHz:32-bit) 08:00:27:38:e6:e4
21:01:37,077 INFO kernel:e1000 0000:00:03.0 eth0: Intel(R) PRO/1000 Network Connection
21:01:37,078 INFO systemd-udevd:link_config: autonegotiation is unset or enabled, the speed and duplex are not writable.
21:01:37,078 INFO kernel:e1000 0000:00:03.0 enp0s3: renamed from eth0
21:01:37,110 INFO systemd:Started udev Wait for Complete Device Initialization.
21:01:37,111 INFO systemd:Starting Device-Mapper Multipath Device Controller...
21:01:37,119 INFO kernel:8021q: 802.1Q VLAN Support v1.8
21:01:37,128 INFO systemd:Started Device-Mapper Multipath Device Controller.
21:01:37,128 INFO systemd:Reached target Local File Systems (Pre).
21:01:37,128 INFO systemd:Reached target Local File Systems.
21:01:37,128 INFO systemd:Starting Create Volatile Files and Directories...
21:01:37,129 INFO systemd:Starting Open-iSCSI...
21:01:37,159 INFO iscsid:iscsid: can't open InitiatorName configuration file /etc/iscsi/initiatorname.iscsi
21:01:37,159 INFO iscsid:iscsid: Warning: InitiatorName file /etc/iscsi/initiatorname.iscsi does not exist or does not contain a properly formatted InitiatorName. If using software iscsi (iscsi_tcp or ib_iser) or partial offload (bnx2i or cxgbi iscsi), you may not be able to log into or discover targets. Please create a file /etc/iscsi/initiatorname.iscsi that contains a sting with the format: InitiatorName=iqn.yyyy-mm.<reversed domain name>[:identifier].
21:01:37,159 INFO iscsid:Example: InitiatorName=iqn.2001-04.com.redhat:fc6.
21:01:37,159 INFO iscsid:If using hardware iscsi like qla4xxx this message can be ignored.
21:01:37,159 INFO iscsid:iscsid: can't open InitiatorAlias configuration file /etc/iscsi/initiatorname.iscsi
21:01:37,161 INFO systemd:Started Open-iSCSI.
21:01:37,161 INFO systemd:Starting dracut initqueue hook...
21:01:37,176 INFO multipathd:--------start up--------
21:01:37,176 INFO multipathd:read /etc/multipath.conf
21:01:37,189 INFO multipathd:path checkers start up
21:01:37,197 INFO systemd:Started Create Volatile Files and Directories.
21:01:37,197 INFO systemd:Reached target System Initialization.
21:01:37,197 INFO systemd:Reached target Basic System.
21:01:37,276 INFO systemd:Reloading.
21:01:37,674 INFO dracut-initqueue:anaconda using disk root at /dev/sr0
21:01:37,707 DEBUG kernel:ISO 9660 Extensions: Microsoft Joliet Level 3
21:01:37,714 DEBUG kernel:ISO 9660 Extensions: RRIP_1991A
21:01:37,714 INFO dracut-initqueue:mount: /run/install/repo: WARNING: device write-protected, mounted read-only.
21:01:37,899 INFO dracut-initqueue:anaconda: found /run/install/repo//images/install.img
21:01:38,122 INFO kernel:loop: module loaded
21:01:38,366 INFO systemd:Received SIGRTMIN+20 from PID 882 (plymouthd).
21:01:38,394 INFO systemd:Created slice system-checkisomd5.slice.
21:01:38,396 INFO systemd:Starting Media check on /dev/sr0...
21:01:47,530 INFO systemd:Started Media check on /dev/sr0.
21:01:47,572 INFO systemd:Received SIGRTMIN+20 from PID 882 (plymouthd).
21:01:47,609 INFO systemd:Started dracut initqueue hook.
21:01:47,610 INFO systemd:Starting dracut pre-mount hook...
21:01:47,610 INFO systemd:Reached target Remote File Systems (Pre).
21:01:47,611 INFO systemd:Reached target Remote File Systems.
21:01:47,632 INFO systemd:Started dracut pre-mount hook.
21:01:47,632 INFO systemd:Reached target Initrd Root File System.
21:01:47,632 INFO systemd:Starting Reload Configuration from the Real Root...
21:01:47,646 INFO systemd:Reloading.
21:01:47,813 INFO systemd:Started Reload Configuration from the Real Root.
21:01:47,813 INFO systemd:Reached target Initrd File Systems.
21:01:47,814 INFO systemd:Reached target Initrd Default Target.
21:01:47,816 INFO systemd:Starting dracut mount hook...
21:01:47,912 INFO kernel:EXT4-fs (dm-0): mounted filesystem with ordered data mode. Opts: (null)
21:01:47,938 INFO systemd:Started dracut mount hook.
21:01:47,938 INFO systemd:Starting dracut pre-pivot and cleanup hook...
21:01:48,168 INFO systemd:Started dracut pre-pivot and cleanup hook.
21:01:48,169 INFO systemd:Starting Cleaning Up and Shutting Down Daemons...
21:01:48,182 INFO systemd:Starting Setup Virtual Console...
21:01:48,182 INFO systemd:Stopped dracut pre-pivot and cleanup hook.
21:01:48,183 INFO systemd:Stopped target Initrd Default Target.
21:01:48,184 INFO systemd:Stopped target Basic System.
21:01:48,184 INFO systemd:Stopped target System Initialization.
21:01:48,185 INFO systemd:Stopped Create Volatile Files and Directories.
21:01:48,186 INFO systemd:Stopped target Local File Systems.
21:01:48,186 INFO systemd:Stopped target Paths.
21:01:48,187 INFO systemd:Stopped target Slices.
21:01:48,187 INFO systemd:Stopped target Initrd Root Device.
21:01:48,188 INFO systemd:Stopped Apply Kernel Variables.
21:01:48,189 INFO systemd:Stopped target Swap.
21:01:48,189 INFO systemd:Stopped target Remote File Systems.
21:01:48,190 INFO systemd:Stopped target Remote File Systems (Pre).
21:01:48,190 INFO systemd:Stopped target Timers.
21:01:48,192 INFO systemd:Starting Plymouth switch root service...
21:01:48,193 INFO systemd:Stopped target Local File Systems (Pre).
21:01:48,194 INFO systemd:Stopped dracut mount hook.
21:01:48,194 INFO systemd:Stopped dracut pre-mount hook.
21:01:48,196 INFO systemd:Stopped target Local Encrypted Volumes.
21:01:48,197 INFO systemd:Stopped dracut initqueue hook.
21:01:48,197 INFO iscsid:iscsid: iscsid shutting down.
21:01:48,200 INFO systemd:Stopping Open-iSCSI...
21:01:48,200 INFO systemd:Stopped target Sockets.
21:01:48,209 INFO systemd:Stopped Open-iSCSI.
21:01:48,213 INFO systemd:Started Cleaning Up and Shutting Down Daemons.
21:01:48,216 INFO systemd:Started Setup Virtual Console.
21:01:48,220 INFO systemd:Started Plymouth switch root service.
21:01:48,231 INFO systemd:Stopping iSCSI UserSpace I/O driver...
21:01:48,231 INFO systemd:Stopping Device-Mapper Multipath Device Controller...
21:01:48,234 INFO systemd:Closed Open-iSCSI iscsid Socket.
21:01:48,235 INFO systemd:Stopped iSCSI UserSpace I/O driver.
21:01:48,238 INFO systemd:Closed Open-iSCSI iscsiuio Socket.
21:01:48,252 INFO multipathd:ok
21:01:48,259 INFO multipathd:--------shut down-------
21:01:48,262 INFO systemd:Stopped Device-Mapper Multipath Device Controller.
21:01:48,262 INFO systemd:Stopped udev Wait for Complete Device Initialization.
21:01:48,262 INFO systemd:Stopped udev Coldplug all Devices.
21:01:48,262 INFO systemd:Stopped dracut pre-trigger hook.
21:01:48,262 INFO systemd:Stopping udev Kernel Device Manager...
21:01:48,266 INFO systemd:Stopped udev Kernel Device Manager.
21:01:48,266 INFO systemd:Stopped dracut pre-udev hook.
21:01:48,266 INFO systemd:Stopped dracut cmdline hook.
21:01:48,267 INFO systemd:Stopped Create Static Device Nodes in /dev.
21:01:48,269 INFO systemd:Stopped Create list of required static device nodes for the current kernel.
21:01:48,270 INFO systemd:Stopping Hardware RNG Entropy Gatherer Daemon...
21:01:48,271 INFO systemd:Closed udev Control Socket.
21:01:48,272 INFO systemd:Closed udev Kernel Socket.
21:01:48,273 INFO systemd:Starting Cleanup udevd DB...
21:01:48,275 INFO systemd:Stopped Hardware RNG Entropy Gatherer Daemon.
21:01:48,294 INFO systemd:Started Cleanup udevd DB.
21:01:48,294 INFO systemd:Reached target Switch Root.
21:01:48,294 INFO systemd:Starting Switch Root...
21:01:48,308 NOTICE systemd:Switching root.
21:01:48,326 INFO systemd-journald:Journal stopped
21:01:52,090 INFO systemd-journald:Received SIGTERM from PID 1 (systemd).
21:01:52,090 WARNING kernel:printk: systemd: 24 output lines suppressed due to ratelimiting
21:01:52,090 INFO kernel:SELinux:  policy capability network_peer_controls=1
21:01:52,090 INFO kernel:SELinux:  policy capability open_perms=1
21:01:52,090 INFO kernel:SELinux:  policy capability extended_socket_class=1
21:01:52,090 INFO kernel:SELinux:  policy capability always_check_network=0
21:01:52,090 INFO kernel:SELinux:  policy capability cgroup_seclabel=1
21:01:52,090 INFO kernel:SELinux:  policy capability nnp_nosuid_transition=1
21:01:52,090 NOTICE kernel:audit: type=1403 audit(1598562109.656:2): auid=4294967295 ses=4294967295 lsm=selinux res=1
21:01:52,090 INFO systemd:Successfully loaded SELinux policy in 716.401ms.
21:01:52,090 INFO systemd:Relabelled /dev, /run and /sys/fs/cgroup in 34.289ms.
21:01:52,090 INFO systemd:systemd 239 running in system mode. (+PAM +AUDIT +SELINUX +IMA -APPARMOR +SMACK +SYSVINIT +UTMP +LIBCRYPTSETUP +GCRYPT +GNUTLS +ACL +XZ +LZ4 +SECCOMP +BLKID +ELFUTILS +KMOD +IDN2 -IDN +PCRE2 default-hierarchy=legacy)
21:01:52,090 INFO systemd:Detected virtualization oracle.
21:01:52,090 INFO systemd:Detected architecture x86-64.
21:01:52,090 INFO systemd:Stopped Switch Root.
21:01:52,090 INFO systemd:systemd-journald.service: Service has no hold-off time (RestartSec=0), scheduling restart.
21:01:52,090 INFO systemd:systemd-journald.service: Scheduled restart job, restart counter is at 1.
21:01:52,090 INFO systemd:Stopped Journal Service.
21:01:52,090 INFO systemd:Starting Journal Service...
21:01:52,090 INFO systemd:Created slice system-sshd\x2dkeygen.slice.
21:01:52,090 INFO systemd:Created slice User and Session Slice.
21:01:52,090 INFO systemd-journald:Journal started
21:01:52,091 INFO systemd-journald:Runtime journal (/run/log/journal/915df70d177a4e9bb67a1d0a3dcb4c1d) is 8.0M, max 99.3M, 91.3M free.
21:01:52,094 NOTICE systemd-tmpfiles:[/usr/lib/tmpfiles.d/subscription-manager.conf:1] Line references path below legacy directory /var/run/, updating /var/run/rhsm â†’ /run/rhsm; please update the tmpfiles.d/ drop-in file accordingly.
21:01:52,094 INFO systemd:Starting Flush Journal to Persistent Storage...
21:01:52,118 INFO systemd-journald:Runtime journal (/run/log/journal/915df70d177a4e9bb67a1d0a3dcb4c1d) is 8.0M, max 99.3M, 91.3M free.
21:01:52,123 INFO systemd:Started Flush Journal to Persistent Storage.
21:01:52,478 INFO systemd:Started udev Kernel Device Manager.
21:01:52,696 INFO kernel:piix4_smbus 0000:00:07.0: SMBus Host Controller at 0x4100, revision 0
21:01:52,715 ERR systemd-udevd:ctx=0x55f1466a3a40 path=/lib/modules/4.18.0-193.el8.x86_64/kernel/sound/pci/ac97/snd-ac97-codec.ko.xz error=No such file or directory
21:01:52,736 INFO kernel:input: PC Speaker as /devices/platform/pcspkr/input/input6
21:01:52,795 INFO kernel:RAPL PMU: API unit is 2^-32 Joules, 0 fixed counters, 10737418240 ms ovfl timer
21:01:52,800 INFO systemd-udevd:link_config: autonegotiation is unset or enabled, the speed and duplex are not writable.
21:01:52,896 INFO systemd-udevd:link_config: autonegotiation is unset or enabled, the speed and duplex are not writable.
21:01:53,052 INFO kernel:intel_pmc_core intel_pmc_core.0:  initialized
21:01:53,408 INFO systemd:Started udev Wait for Complete Device Initialization.
21:01:53,409 INFO systemd:Starting Device-Mapper Multipath Device Controller...
21:01:53,522 INFO multipathd:--------start up--------
21:01:53,523 INFO multipathd:read /etc/multipath.conf
21:01:53,527 INFO multipathd:path checkers start up
21:01:53,538 INFO systemd:Started Device-Mapper Multipath Device Controller.
21:01:53,538 INFO systemd:Reached target Local File Systems (Pre).
21:01:53,538 INFO systemd:Reached target Local File Systems.
21:01:53,538 INFO systemd:Starting Rebuild Dynamic Linker Cache...
21:01:53,538 INFO systemd:Starting Tell Plymouth To Write Out Runtime Data...
21:01:53,539 INFO systemd:Starting Import network configuration from initramfs...
21:01:53,540 INFO systemd:Starting Rebuild Journal Catalog...
21:01:53,611 INFO systemd:Started Tell Plymouth To Write Out Runtime Data.
21:01:53,891 INFO systemd:Started Rebuild Journal Catalog.
21:01:55,175 INFO systemd:Started Import network configuration from initramfs.
21:01:55,175 INFO systemd:Starting Create Volatile Files and Directories...
21:01:55,456 NOTICE systemd-tmpfiles:[/usr/lib/tmpfiles.d/subscription-manager.conf:1] Line references path below legacy directory /var/run/, updating /var/run/rhsm â†’ /run/rhsm; please update the tmpfiles.d/ drop-in file accordingly.
21:01:55,567 INFO systemd:Started Rebuild Dynamic Linker Cache.
21:01:55,567 INFO systemd:Starting Update is Completed...
21:01:55,627 INFO systemd:Started Update is Completed.
21:01:55,638 INFO systemd:Started Create Volatile Files and Directories.
21:01:55,638 INFO systemd:Starting Update UTMP about System Boot/Shutdown...
21:01:55,654 INFO systemd:Started Update UTMP about System Boot/Shutdown.
21:01:55,654 INFO systemd:Reached target System Initialization.
21:01:55,654 INFO systemd:Started Daily Cleanup of Temporary Directories.
21:01:55,655 INFO systemd:Reached target Timers.
21:01:55,655 INFO systemd:Listening on Open-iSCSI iscsid Socket.
21:01:55,655 INFO systemd:Listening on Open-iSCSI iscsiuio Socket.
21:01:55,656 INFO systemd:Listening on D-Bus System Message Bus Socket.
21:01:55,656 INFO systemd:Reached target Sockets.
21:01:55,656 INFO systemd:Reached target Basic System.
21:01:55,657 INFO systemd:Starting Hold until boot process finishes up...
21:01:55,659 INFO systemd:Starting pre-anaconda logging service...
21:01:55,662 INFO systemd:Starting OpenSSH ed25519 Server Key Generation...
21:01:55,664 INFO systemd:Starting OpenSSH rsa Server Key Generation...
21:01:55,668 INFO systemd:Starting Login Service...
21:01:55,669 INFO systemd:Starting Terminate Plymouth Boot Screen...
21:01:55,687 INFO systemd:Starting Hardware RNG Entropy Gatherer Wake threshold service...
21:01:55,688 INFO systemd:Starting OpenSSH ecdsa Server Key Generation...
21:01:55,703 INFO systemd:Starting Anaconda NetworkManager configuration...
21:01:55,742 INFO systemd:Starting Service enabling compressing RAM with zRam...
21:01:55,753 INFO systemd:Started Hold until boot process finishes up.
21:01:55,754 INFO systemd:Started pre-anaconda logging service.
21:01:55,771 INFO zramswapon:+ MAX_RAM_ON=2097152
21:01:55,789 INFO systemd:Started Terminate Plymouth Boot Screen.
21:01:55,790 INFO systemd:Started Hardware RNG Entropy Gatherer Wake threshold service.
21:01:55,790 INFO systemd:Started Anaconda NetworkManager configuration.
21:01:55,805 INFO zramswapon:++ grep -E --only-matching '[[:digit:]]+'
21:01:55,806 INFO zramswapon:++ grep MemTotal /proc/meminfo
21:01:55,808 INFO systemd:Received SIGRTMIN+21 from PID 882 (n/a).
21:01:55,809 INFO systemd:Starting Network Manager...
21:01:55,812 INFO zramswapon:+ mem_total_kb=2034928
21:01:55,813 INFO zramswapon:+ grep -E 'inst\.zram=(on|1)' /proc/cmdline
21:01:55,824 INFO zramswapon:+ force=1
21:01:55,824 INFO zramswapon:+ '[' '(' 2034928 -gt 2097152 ')' -a '(' 1 '!=' 0 ')' ']'
21:01:55,825 INFO systemd:Started Hardware RNG Entropy Gatherer Daemon.
21:01:55,833 INFO zramswapon:++ getconf _NPROCESSORS_ONLN
21:01:55,846 INFO zramswapon:+ num_cpus=1
21:01:55,846 INFO zramswapon:+ modprobe zram
21:01:55,871 INFO systemd:Started D-Bus System Message Bus.
21:01:55,932 INFO kernel:zram: Added device: zram0
21:01:55,932 INFO zramswapon:+ echo 1
21:01:55,932 INFO zramswapon:+ echo 2034928K
21:01:55,935 INFO zramswapon:+ mkswap /dev/zram0
21:01:55,935 INFO kernel:zram0: detected capacity change from 0 to 2083766272
21:01:55,980 INFO zramswapon:Setting up swapspace version 1, size = 2 GiB (2083762176 bytes)
21:01:55,980 INFO zramswapon:no label, UUID=61dda2a1-8a48-4ec3-8b9e-1e89ec74fb59
21:01:55,981 INFO zramswapon:+ swapon -p 100 /dev/zram0
21:01:55,996 INFO kernel:Adding 2034924k swap on /dev/zram0.  Priority:100 extents:1 across:2034924k SSFS
21:01:56,010 INFO zramswapon:+ '[' 2034928 -le 1048576 ']'
21:01:56,010 INFO zramswapon:+ exit 0
21:01:56,089 INFO systemd:Started OpenSSH ed25519 Server Key Generation.
21:01:56,090 INFO systemd:Started OpenSSH ecdsa Server Key Generation.
21:01:56,090 INFO systemd:Started Service enabling compressing RAM with zRam.
21:01:56,174 INFO rngd:Initializing available sources
21:01:56,187 INFO rngd:Failed to init entropy source hwrng
21:01:56,187 INFO rngd:Enabling RDSEED rng support
21:01:56,187 INFO rngd:Initializing entropy source rdrand
21:01:56,247 DEBUG NetworkManager:<debug> [1598562116.2474] monotonic timestamp started counting 1.653393430 seconds ago with an offset of 29.0 seconds to CLOCK_BOOTTIME (local time is 2020-08-27 21:01:56)
21:01:56,248 INFO NetworkManager:<info>  [1598562116.2480] NetworkManager (version 1.22.8-4.el8) is starting... (for the first time)
21:01:56,248 INFO NetworkManager:<info>  [1598562116.2481] Read config: /etc/NetworkManager/NetworkManager.conf (etc: 80-anaconda-no-ibft.conf, 90-anaconda-no-auto-default.conf, 91-anaconda-autoconnect-slaves.conf, 92-anaconda-loglevel-debug.conf)
21:01:56,248 DEBUG NetworkManager:<debug> [1598562116.2482] CONFIG: config-data[0x558cc5b7d840]: 3 groups
21:01:56,248 DEBUG NetworkManager:<debug> [1598562116.2483] CONFIG: 
21:01:56,248 DEBUG NetworkManager:<debug> [1598562116.2484] CONFIG: [main]
21:01:56,248 DEBUG NetworkManager:<debug> [1598562116.2485] CONFIG:   plugins=ifcfg-rh,no-ibft
21:01:56,248 DEBUG NetworkManager:<debug> [1598562116.2486] CONFIG:   no-auto-default=*
21:01:56,248 DEBUG NetworkManager:<debug> [1598562116.2487] CONFIG: 
21:01:56,248 DEBUG NetworkManager:<debug> [1598562116.2488] CONFIG: [logging]
21:01:56,249 DEBUG NetworkManager:<debug> [1598562116.2489] CONFIG:   level=DEBUG
21:01:56,249 DEBUG NetworkManager:<debug> [1598562116.2498] CONFIG: 
21:01:56,249 DEBUG NetworkManager:<debug> [1598562116.2499] CONFIG: [connection]
21:01:56,250 DEBUG NetworkManager:<debug> [1598562116.2500] CONFIG:   connection.autoconnect-slaves=1
21:01:56,250 DEBUG NetworkManager:<debug> [1598562116.2501] CONFIG: 
21:01:56,250 DEBUG NetworkManager:<debug> [1598562116.2502] CONFIG: # no-auto-default file "/var/lib/NetworkManager/no-auto-default.state"
21:01:56,250 DEBUG NetworkManager:<debug> [1598562116.2503] config: state: missing state file "/var/lib/NetworkManager/NetworkManager.state": No such file or directory
21:01:56,250 DEBUG NetworkManager:<debug> [1598562116.2504] WEXT support is disabled
21:01:56,255 DEBUG NetworkManager:<debug> [1598562116.2558] create NMDBusManager singleton (6c5317dbd526b1ca)
21:01:56,263 INFO systemd:Started Network Manager.
21:01:56,263 INFO systemd:Reached target Network.
21:01:56,263 INFO systemd:Starting RHSM dbus service...
21:01:56,264 INFO systemd:Starting Network Manager Wait Online...
21:01:56,267 INFO NetworkManager:<info>  [1598562116.2675] bus-manager: acquired D-Bus service "org.freedesktop.NetworkManager"
21:01:56,267 DEBUG NetworkManager:<debug> [1598562116.2677] netns[0x558cc5b94560]: new netns (net:8, mnt:9)
21:01:56,268 DEBUG NetworkManager:<debug> [1598562116.2685] platform-linux: create (ignore netns, initial netns, use udev)
21:01:56,280 DEBUG NetworkManager:<debug> [1598562116.2801] platform-linux: Netlink socket for events established: port=1578, fd=12
21:01:56,280 DEBUG NetworkManager:<debug> [1598562116.2803] platform-linux: populate platform cache
21:01:56,280 DEBUG NetworkManager:<debug> [1598562116.2805] platform: kernel-support for USER_IPV6LL (IFLA_INET6_ADDR_GEN_MODE support) detected: supported
21:01:56,281 DEBUG NetworkManager:<debug> [1598562116.2812] platform: (lo) signal: link   added: 1: lo <UP,LOWER_UP;loopback,up,running,lowerup> mtu 65536 arp 772 loopback? not-init addrgenmode eui64 addr 00:00:00:00:00:00 brd 00:00:00:00:00:00 driver unknown rx:6,416 tx:6,416
21:01:56,283 DEBUG NetworkManager:<debug> [1598562116.2833] platform: (enp0s3) signal: link   added: 2: enp0s3 <DOWN;broadcast,multicast> mtu 1500 arp 1 ethernet? not-init addrgenmode eui64 addr 08:00:27:38:E6:E4 brd FF:FF:FF:FF:FF:FF driver e1000 rx:0,0 tx:0,0
21:01:56,285 DEBUG NetworkManager:<debug> [1598562116.2851] platform: kernel-support for EXTENDED_IFA_FLAGS (IPv6 temporary addresses support) detected: supported
21:01:56,287 DEBUG NetworkManager:<debug> [1598562116.2869] platform: (lo) signal: address 4   added: 127.0.0.1/8 lft forever pref forever lifetime 1-0[4294967295,4294967295] dev 1 flags permanent src kernel
21:01:56,287 DEBUG NetworkManager:<debug> [1598562116.2872] platform: (lo) signal: address 6   added: ::1/128 lft forever pref forever lifetime 1-0[4294967295,4294967295] dev 1 flags permanent src kernel
21:01:56,287 DEBUG NetworkManager:<debug> [1598562116.2873] platform: kernel-support for RTA_PREF (ability to set router preference for IPv6 routes) detected: supported
21:01:56,287 DEBUG NetworkManager:<debug> [1598562116.2875] platform: (lo) signal: route   6   added: ::1/128 via :: dev 1 metric 256 mss 0 rt-src rt-kernel
21:01:56,287 DEBUG NetworkManager:<debug> [1598562116.2876] platform: kernel-support for FRA_PROTOCOL (FRA_PROTOCOL attribute for policy routing rules) detected: supported
21:01:56,287 DEBUG NetworkManager:<debug> [1598562116.2877] platform: kernel-support for FRA_UID_RANGE (FRA_UID_RANGE attribute for policy routing rules) not detected: assume supported
21:01:56,287 DEBUG NetworkManager:<debug> [1598562116.2879] platform: kernel-support for FRA_L3MDEV (FRA_L3MDEV attribute for policy routing rules) not detected: assume supported
21:01:56,288 DEBUG NetworkManager:<debug> [1598562116.2879] platform: kernel-support for FRA_IP_PROTO (FRA_IP_PROTO, FRA_SPORT_RANGE, FRA_DPORT_RANGE attributes for policy routing rules) not detected: assume supported
21:01:56,288 DEBUG NetworkManager:<debug> [1598562116.2880] platform: signal: rt-rule   added: [4] 0: from all lookup 255 protocol 2
21:01:56,288 DEBUG NetworkManager:<debug> [1598562116.2881] platform: signal: rt-rule   added: [4] 32766: from all lookup 254 protocol 2
21:01:56,288 DEBUG NetworkManager:<debug> [1598562116.2882] platform: signal: rt-rule   added: [4] 32767: from all lookup 253 protocol 2
21:01:56,290 DEBUG NetworkManager:<debug> [1598562116.2903] platform: signal: rt-rule   added: [6] 0: from all lookup 255 protocol 2
21:01:56,292 DEBUG NetworkManager:<debug> [1598562116.2925] platform: signal: rt-rule   added: [6] 32766: from all lookup 254 protocol 2
21:01:56,292 DEBUG NetworkManager:<debug> [1598562116.2928] platform: (lo) signal: qdisc   added: noqueue dev 1 family 0 handle 0 parent ffffffff info 2
21:01:56,293 DEBUG NetworkManager:<debug> [1598562116.2935] platform: (enp0s3) signal: link changed: 2: enp0s3 <DOWN;broadcast,multicast> mtu 1500 arp 1 ethernet? init addrgenmode eui64 addr 08:00:27:38:E6:E4 brd FF:FF:FF:FF:FF:FF driver e1000 rx:0,0 tx:0,0
21:01:56,319 DEBUG NetworkManager:<debug> [1598562116.3193] platform: (lo) signal: link changed: 1: lo <UP,LOWER_UP;loopback,up,running,lowerup> mtu 65536 arp 772 loopback? init addrgenmode eui64 addr 00:00:00:00:00:00 brd 00:00:00:00:00:00 driver unknown rx:6,416 tx:6,416
21:01:56,319 DEBUG NetworkManager:<debug> [1598562116.3197] setup NMPlatform singleton (0f27425ec3628455)
21:01:56,319 DEBUG NetworkManager:<debug> [1598562116.3199] rules-manager: routing-rule: track [282ac5c77b4b9692,0] "[4] 0: from all lookup 255 protocol 2")
21:01:56,320 DEBUG NetworkManager:<debug> [1598562116.3200] rules-manager: routing-rule: track [282ac5c77b4b9692,0] "[4] 32766: from all lookup 254 protocol 2")
21:01:56,320 DEBUG NetworkManager:<debug> [1598562116.3201] rules-manager: routing-rule: track [282ac5c77b4b9692,0] "[4] 32767: from all lookup 253 protocol 2")
21:01:56,320 DEBUG NetworkManager:<debug> [1598562116.3202] rules-manager: routing-rule: track [282ac5c77b4b9692,0] "[6] 0: from all lookup 255 protocol 2")
21:01:56,325 DEBUG NetworkManager:<debug> [1598562116.3254] rules-manager: routing-rule: track [282ac5c77b4b9692,0] "[6] 32766: from all lookup 254 protocol 2")
21:01:56,329 DEBUG NetworkManager:<debug> [1598562116.3299] rules-manager: routing-rule: track [7702fa82987dae91,0] "[4] 0: from all lookup 255 protocol 2")
21:01:56,330 DEBUG NetworkManager:<debug> [1598562116.3308] rules-manager: routing-rule: track [7702fa82987dae91,0] "[4] 32766: from all lookup 254 protocol 2")
21:01:56,335 DEBUG NetworkManager:<debug> [1598562116.3350] rules-manager: routing-rule: track [7702fa82987dae91,0] "[4] 32767: from all lookup 253 protocol 2")
21:01:56,340 DEBUG NetworkManager:<debug> [1598562116.3408] rules-manager: routing-rule: track [7702fa82987dae91,0] "[6] 0: from all lookup 255 protocol 2")
21:01:56,341 DEBUG NetworkManager:<debug> [1598562116.3416] rules-manager: routing-rule: track [7702fa82987dae91,0] "[6] 32766: from all lookup 254 protocol 2")
21:01:56,348 DEBUG NetworkManager:<debug> [1598562116.3484] create NMNetns singleton (e078523e01d3f100)
21:01:56,353 DEBUG NetworkManager:<debug> [1598562116.3533] auth[0x558cc5b7e5e0]: create auth-manager: polkit enabled
21:01:56,353 DEBUG NetworkManager:<debug> [1598562116.3535] auth[0x558cc5b7e5e0]: set instance
21:01:56,354 DEBUG NetworkManager:<debug> [1598562116.3542] setup NMAuthManager singleton (e793a08bf421653c)
21:01:56,400 INFO NetworkManager:<info>  [1598562116.4002] manager[0x558cc5ba3090]: monitoring kernel firmware directory '/lib/firmware'.
21:01:56,418 DEBUG NetworkManager:<debug> [1598562116.4183] session-monitor: using systemd-logind session tracking
21:01:56,419 DEBUG NetworkManager:<debug> [1598562116.4197] create NMSessionMonitor singleton (bb1bb6798b3b87fc)
21:01:56,423 DEBUG NetworkManager:<debug> [1598562116.4235] create NMAgentManager singleton (3cc9b1c32c007a94)
21:01:56,427 INFO dbus-daemon:[system] Activating via systemd: service name='org.freedesktop.hostname1' unit='dbus-org.freedesktop.hostname1.service' requested by ':1.2' (uid=0 pid=1578 comm="/usr/sbin/NetworkManager --no-daemon " label="system_u:system_r:kernel_t:s0")
21:01:56,432 INFO systemd:Starting Hostname Service...
21:01:57,354 INFO systemd:Started OpenSSH rsa Server Key Generation.
21:01:57,355 INFO systemd:Reached target sshd-keygen.target.
21:01:59,106 INFO systemd-logind:New seat seat0.
21:01:59,144 INFO systemd-logind:Watching system buttons on /dev/input/event0 (Power Button)
21:01:59,147 INFO systemd-logind:Watching system buttons on /dev/input/event1 (Sleep Button)
21:01:59,147 INFO systemd-logind:Watching system buttons on /dev/input/event2 (AT Translated Set 2 keyboard)
21:01:59,155 INFO systemd:Started Login Service.
21:01:59,301 INFO dbus-daemon:[system] Successfully activated service 'org.freedesktop.hostname1'
21:01:59,302 INFO systemd:Started Hostname Service.
21:01:59,304 INFO NetworkManager:<info>  [1598562119.3038] hostname: hostname: using hostnamed
21:01:59,305 DEBUG NetworkManager:<debug> [1598562119.3038] create NMHostnameManager singleton (26cc140f01ede76b)
21:01:59,305 DEBUG NetworkManager:<debug> [1598562119.3040] create NMFirewallManager singleton (6e1e8a73dc7229bc)
21:01:59,305 INFO NetworkManager:<info>  [1598562119.3041] dns-mgr[0x558cc5b87250]: init: dns=default,systemd-resolved rc-manager=symlink
21:01:59,305 DEBUG NetworkManager:<debug> [1598562119.3041] create NMDnsManager singleton (a2171cb8771a2383)
21:01:59,305 DEBUG NetworkManager:<debug> [1598562119.3041] policy: hostname-mode: full
21:01:59,305 DEBUG NetworkManager:<debug> [1598562119.3044] setup NMManager singleton (f248b18e491af7e7)
21:01:59,311 DEBUG NetworkManager:<debug> [1598562119.3065] create NMConnectivity singleton (29e3e59e4766e27f)
21:01:59,312 DEBUG NetworkManager:<debug> [1598562119.3117] Loaded device plugin: NM6LowpanDeviceFactory (internal)
21:01:59,312 DEBUG NetworkManager:<debug> [1598562119.3118] Loaded device plugin: NMBondDeviceFactory (internal)
21:01:59,312 DEBUG NetworkManager:<debug> [1598562119.3118] Loaded device plugin: NMBridgeDeviceFactory (internal)
21:01:59,312 DEBUG NetworkManager:<debug> [1598562119.3118] Loaded device plugin: NMDummyDeviceFactory (internal)
21:01:59,312 DEBUG NetworkManager:<debug> [1598562119.3118] Loaded device plugin: NMEthernetDeviceFactory (internal)
21:01:59,312 DEBUG NetworkManager:<debug> [1598562119.3118] Loaded device plugin: NMInfinibandDeviceFactory (internal)
21:01:59,312 DEBUG NetworkManager:<debug> [1598562119.3119] Loaded device plugin: NMIPTunnelDeviceFactory (internal)
21:01:59,312 DEBUG NetworkManager:<debug> [1598562119.3119] Loaded device plugin: NMMacsecDeviceFactory (internal)
21:01:59,312 DEBUG NetworkManager:<debug> [1598562119.3119] Loaded device plugin: NMMacvlanDeviceFactory (internal)
21:01:59,312 DEBUG NetworkManager:<debug> [1598562119.3119] Loaded device plugin: NMPppDeviceFactory (internal)
21:01:59,312 DEBUG NetworkManager:<debug> [1598562119.3120] Loaded device plugin: NMTunDeviceFactory (internal)
21:01:59,312 DEBUG NetworkManager:<debug> [1598562119.3120] Loaded device plugin: NMVethDeviceFactory (internal)
21:01:59,312 DEBUG NetworkManager:<debug> [1598562119.3120] Loaded device plugin: NMVlanDeviceFactory (internal)
21:01:59,312 DEBUG NetworkManager:<debug> [1598562119.3120] Loaded device plugin: NMVxlanDeviceFactory (internal)
21:01:59,312 DEBUG NetworkManager:<debug> [1598562119.3120] Loaded device plugin: NMWireGuardDeviceFactory (internal)
21:01:59,312 DEBUG NetworkManager:<debug> [1598562119.3120] Loaded device plugin: NMWpanDeviceFactory (internal)
21:01:59,319 INFO NetworkManager:<info>  [1598562119.3193] Loaded device plugin: NMTeamFactory (/usr/lib64/NetworkManager/1.22.8-4.el8/libnm-device-plugin-team.so)
21:01:59,325 INFO NetworkManager:<info>  [1598562119.3257] Loaded device plugin: NMWifiFactory (/usr/lib64/NetworkManager/1.22.8-4.el8/libnm-device-plugin-wifi.so)
21:01:59,326 INFO NetworkManager:<info>  [1598562119.3262] manager: rfkill: Wi-Fi enabled by radio killswitch; enabled by state file
21:01:59,327 INFO NetworkManager:<info>  [1598562119.3270] manager: rfkill: WWAN enabled by radio killswitch; enabled by state file
21:01:59,328 INFO NetworkManager:<info>  [1598562119.3286] manager: Networking is enabled by state file
21:01:59,328 DEBUG NetworkManager:<debug> [1598562119.3288] dispatcher: (1) dispatching action 'hostname'
21:01:59,332 INFO dbus-daemon:[system] Activating via systemd: service name='org.freedesktop.nm_dispatcher' unit='dbus-org.freedesktop.nm-dispatcher.service' requested by ':1.2' (uid=0 pid=1578 comm="/usr/sbin/NetworkManager --no-daemon " label="system_u:system_r:kernel_t:s0")
21:01:59,332 INFO systemd:Starting Network Manager Script Dispatcher Service...
21:01:59,334 DEBUG NetworkManager:<debug> [1598562119.3343] dhcp-init: enabled DHCP client 'dhclient'
21:01:59,335 DEBUG NetworkManager:<debug> [1598562119.3350] dhcp-init: enabled DHCP client 'internal'
21:01:59,335 DEBUG NetworkManager:<debug> [1598562119.3351] dhcp-init: enabled DHCP client 'systemd' (undocumented internal plugin)
21:01:59,335 DEBUG NetworkManager:<debug> [1598562119.3352] dhcp-init: enabled DHCP client 'nettools' (undocumented internal plugin)
21:01:59,335 INFO NetworkManager:<info>  [1598562119.3353] dhcp-init: Using DHCP client 'internal'
21:01:59,335 DEBUG NetworkManager:<debug> [1598562119.3354] create NMDhcpManager singleton (0f1dabcdeec0772e)
21:01:59,354 INFO NetworkManager:<info>  [1598562119.3545] settings: Loaded settings plugin: ifcfg-rh ("/usr/lib64/NetworkManager/1.22.8-4.el8/libnm-settings-plugin-ifcfg-rh.so")
21:01:59,354 WARNING NetworkManager:<warn>  [1598562119.3547] settings: skipping deprecated plugin no-ibft
21:01:59,354 INFO NetworkManager:<info>  [1598562119.3548] settings: Loaded settings plugin: keyfile (internal)
21:01:59,357 DEBUG NetworkManager:<debug> [1598562119.3575] device[69f5051119d1bf2d] (lo): unmanaged: flags set to [platform-init,by-default=0x110/0x110/unmanaged/unrealized], set-unmanaged [by-default=0x100])
21:01:59,357 DEBUG NetworkManager:<debug> [1598562119.3578] device[69f5051119d1bf2d] (lo): constructed (NMDeviceGeneric)
21:01:59,358 DEBUG NetworkManager:<debug> [1598562119.3579] device[69f5051119d1bf2d] (lo): start setup of NMDeviceGeneric, kernel ifindex 1
21:01:59,358 DEBUG NetworkManager:<debug> [1598562119.3580] device[69f5051119d1bf2d] (lo): assume-state: set guess-assume=1, connection=(null)
21:01:59,358 DEBUG NetworkManager:<debug> [1598562119.3583] platform-linux: error reading net:/sys/class/net/lo/phys_port_id: error reading 4096 bytes from file descriptor: Operation not supported
21:01:59,358 DEBUG NetworkManager:<debug> [1598562119.3585] platform-linux: sysctl: reading 'net:/sys/class/net/lo/dev_id': '0x0'
21:01:59,358 DEBUG NetworkManager:<debug> [1598562119.3587] platform-linux: error reading net:/sys/class/net/lo/device/sriov_totalvfs: Failed to open file "device/sriov_totalvfs" with openat: No such file or directory
21:01:59,358 DEBUG NetworkManager:<debug> [1598562119.3589] device[69f5051119d1bf2d] (lo): hw-addr: hardware address now 00:00:00:00:00:00
21:01:59,359 DEBUG NetworkManager:<debug> [1598562119.3593] device[69f5051119d1bf2d] (lo): hw-addr: update initial MAC address 00:00:00:00:00:00
21:01:59,359 DEBUG NetworkManager:<debug> [1598562119.3595] device[69f5051119d1bf2d] (lo): hw-addr: unable to read permanent MAC address (use current: 00:00:00:00:00:00)
21:01:59,359 INFO NetworkManager:<info>  [1598562119.3596] device (lo): carrier: link connected
21:01:59,359 DEBUG NetworkManager:<debug> [1598562119.3597] device[69f5051119d1bf2d] (lo): unmanaged: flags set to [platform-init,by-default,!external-down=0x110/0x910/unmanaged/unrealized], set-managed [external-down=0x800])
21:01:59,359 DEBUG NetworkManager:<debug> [1598562119.3599] device[69f5051119d1bf2d] (lo): unmanaged: flags set to [by-type,platform-init,by-default,!external-down=0x118/0x918/unmanaged/unrealized], set-unmanaged [by-type=0x8])
21:01:59,360 DEBUG NetworkManager:<debug> [1598562119.3600] device[69f5051119d1bf2d] (lo): unmanaged: flags set to [by-type,platform-init,by-default,!user-settings,!external-down=0x118/0x958/unmanaged/unrealized], set-managed [user-settings=0x40])
21:01:59,360 DEBUG NetworkManager:<debug> [1598562119.3601] device[69f5051119d1bf2d] (lo): unmanaged: flags set to [by-type,by-default,!platform-init,!user-settings,!external-down=0x108/0x958/unmanaged/unrealized], set-managed [platform-init=0x10])
21:01:59,360 DEBUG NetworkManager:<debug> [1598562119.3602] device[69f5051119d1bf2d] (lo): unmanaged: flags set to [by-type,by-default,!sleeping,!platform-init,!user-settings,!external-down=0x108/0x959/unmanaged/unrealized], set-managed [sleeping=0x1])
21:01:59,364 INFO NetworkManager:<info>  [1598562119.3639] manager: (lo): new Generic device (/org/freedesktop/NetworkManager/Devices/1)
21:01:59,370 DEBUG NetworkManager:<debug> [1598562119.3702] device[69f5051119d1bf2d] (lo): assume-state: set guess-assume=0, connection=(null)
21:01:59,370 DEBUG NetworkManager:<debug> [1598562119.3705] device[78160529a5a3f25d] (enp0s3): constructed (NMDeviceEthernet)
21:01:59,371 DEBUG NetworkManager:<debug> [1598562119.3711] device[78160529a5a3f25d] (enp0s3): start setup of NMDeviceEthernet, kernel ifindex 2
21:01:59,371 DEBUG NetworkManager:<debug> [1598562119.3713] device[78160529a5a3f25d] (enp0s3): assume-state: set guess-assume=1, connection=(null)
21:01:59,371 DEBUG NetworkManager:<debug> [1598562119.3715] platform-linux: error reading net:/sys/class/net/enp0s3/phys_port_id: error reading 4096 bytes from file descriptor: Operation not supported
21:01:59,371 DEBUG NetworkManager:<debug> [1598562119.3717] platform-linux: sysctl: reading 'net:/sys/class/net/enp0s3/dev_id': '0x0'
21:01:59,371 DEBUG NetworkManager:<debug> [1598562119.3719] platform-linux: error reading net:/sys/class/net/enp0s3/device/sriov_totalvfs: Failed to open file "device/sriov_totalvfs" with openat: No such file or directory
21:01:59,374 DEBUG NetworkManager:<debug> [1598562119.3741] device[78160529a5a3f25d] (enp0s3): hw-addr: hardware address now 08:00:27:38:E6:E4
21:01:59,374 DEBUG NetworkManager:<debug> [1598562119.3744] device[78160529a5a3f25d] (enp0s3): hw-addr: update initial MAC address 08:00:27:38:E6:E4
21:01:59,374 DEBUG NetworkManager:<debug> [1598562119.3745] device[78160529a5a3f25d] (enp0s3): hw-addr: read permanent MAC address '08:00:27:38:E6:E4'
21:01:59,374 DEBUG NetworkManager:<debug> [1598562119.3747] device[78160529a5a3f25d] (enp0s3): unmanaged: flags set to [platform-init,!by-type=0x10/0x18/unmanaged/unrealized], set-managed [by-type=0x8])
21:01:59,375 DEBUG NetworkManager:<debug> [1598562119.3749] device[78160529a5a3f25d] (enp0s3): unmanaged: flags set to [platform-init,!by-type,!user-settings=0x10/0x58/unmanaged/unrealized], set-managed [user-settings=0x40])
21:01:59,375 DEBUG NetworkManager:<debug> [1598562119.3750] device[78160529a5a3f25d] (enp0s3): unmanaged: flags set to [!by-type,!platform-init,!user-settings=0x0/0x58/managed/unrealized], set-managed [platform-init=0x10])
21:01:59,375 DEBUG NetworkManager:<debug> [1598562119.3752] device[78160529a5a3f25d] (enp0s3): unmanaged: flags set to [!sleeping,!by-type,!platform-init,!user-settings=0x0/0x59/managed/unrealized], set-managed [sleeping=0x1])
21:01:59,376 INFO NetworkManager:<info>  [1598562119.3764] manager: (enp0s3): new Ethernet device (/org/freedesktop/NetworkManager/Devices/2)
21:01:59,381 DEBUG NetworkManager:<debug> [1598562119.3813] device[78160529a5a3f25d] (enp0s3): ip4-config: update (commit=0, new-config=0x558cc5bb2260)
21:01:59,383 DEBUG NetworkManager:<debug> [1598562119.3832] device[78160529a5a3f25d] (enp0s3): ip4-config: set IP Config instance (/org/freedesktop/NetworkManager/IP4Config/1)
21:01:59,384 DEBUG NetworkManager:<debug> [1598562119.3843] dns-mgr: (device_ip_config_changed): queueing DNS updates (1)
21:01:59,384 DEBUG NetworkManager:<debug> [1598562119.3845] dns-mgr: (device_ip_config_changed): DNS configuration did not change
21:01:59,384 DEBUG NetworkManager:<debug> [1598562119.3846] dns-mgr: (device_ip_config_changed): no DNS changes to commit (0)
21:01:59,384 DEBUG NetworkManager:<debug> [1598562119.3849] platform-linux: sysctl: reading '/proc/sys/net/ipv6/conf/enp0s3/disable_ipv6': '0'
21:01:59,385 DEBUG NetworkManager:<debug> [1598562119.3858] device[78160529a5a3f25d] (enp0s3): ip6-config: update (commit=0, new-config=0x558cc5b98390)
21:01:59,386 DEBUG NetworkManager:<debug> [1598562119.3868] device[78160529a5a3f25d] (enp0s3): ip6-config: set IP Config instance (/org/freedesktop/NetworkManager/IP6Config/1)
21:01:59,389 DEBUG NetworkManager:<debug> [1598562119.3891] dns-mgr: (device_ip_config_changed): queueing DNS updates (1)
21:01:59,389 DEBUG NetworkManager:<debug> [1598562119.3892] dns-mgr: (device_ip_config_changed): DNS configuration did not change
21:01:59,389 DEBUG NetworkManager:<debug> [1598562119.3894] dns-mgr: (device_ip_config_changed): no DNS changes to commit (0)
21:01:59,389 DEBUG NetworkManager:<debug> [1598562119.3895] device[78160529a5a3f25d] (enp0s3): assume-state: set guess-assume=0, connection=(null)
21:01:59,389 DEBUG NetworkManager:<debug> [1598562119.3896] manager: (enp0s3): assume: cannot generate connection: device has no existing configuration
21:01:59,389 INFO NetworkManager:<info>  [1598562119.3897] device (enp0s3): state change: unmanaged -> unavailable (reason 'managed', sys-iface-state: 'external')
21:01:59,389 DEBUG NetworkManager:<debug> [1598562119.3898] device[78160529a5a3f25d] (enp0s3): add_pending_action (1): 'in-state-change'
21:01:59,390 DEBUG NetworkManager:<debug> [1598562119.3900] platform-linux: sysctl: reading '/proc/sys/net/ipv6/conf/enp0s3/accept_ra': '1'
21:01:59,390 DEBUG NetworkManager:<debug> [1598562119.3906] platform-linux: sysctl: reading '/proc/sys/net/ipv6/conf/enp0s3/forwarding': '0'
21:01:59,390 DEBUG NetworkManager:<debug> [1598562119.3908] platform-linux: sysctl: reading '/proc/sys/net/ipv6/conf/enp0s3/hop_limit': '64'
21:01:59,391 DEBUG NetworkManager:<debug> [1598562119.3910] platform-linux: sysctl: reading '/proc/sys/net/ipv6/conf/enp0s3/use_tempaddr': '0'
21:01:59,391 DEBUG NetworkManager:<debug> [1598562119.3911] device[78160529a5a3f25d] (enp0s3): will enable userland IPv6LL
21:01:59,391 DEBUG NetworkManager:<debug> [1598562119.3912] platform-linux: link: change 2: user-ipv6ll: set IPv6 address generation mode to none
21:01:59,391 DEBUG NetworkManager:<debug> [1598562119.3913] platform-linux: do-request-link: 2 
21:01:59,391 DEBUG NetworkManager:<debug> [1598562119.3915] platform: (enp0s3) signal: link changed: 2: enp0s3 <DOWN;broadcast,multicast> mtu 1500 arp 1 ethernet? init addrgenmode none addr 08:00:27:38:E6:E4 brd FF:FF:FF:FF:FF:FF driver e1000 rx:0,0 tx:0,0
21:01:59,392 DEBUG NetworkManager:<debug> [1598562119.3920] device[78160529a5a3f25d] (enp0s3): queued link change for ifindex 2
21:01:59,392 DEBUG NetworkManager:<debug> [1598562119.3922] platform-linux: do-change-link[2]: success changing link: success
21:01:59,392 DEBUG NetworkManager:<debug> [1598562119.3926] platform-linux: sysctl: setting '/proc/sys/net/ipv6/conf/enp0s3/disable_ipv6' to '1' (current value is '0')
21:01:59,393 DEBUG NetworkManager:<debug> [1598562119.3936] platform-linux: sysctl: setting '/proc/sys/net/ipv6/conf/enp0s3/disable_ipv6' to '0' (current value is '1')
21:01:59,393 DEBUG NetworkManager:<debug> [1598562119.3938] platform-linux: sysctl: setting '/proc/sys/net/ipv6/conf/enp0s3/accept_ra' to '0' (current value is '1')
21:01:59,394 DEBUG NetworkManager:<debug> [1598562119.3941] platform-linux: sysctl: setting '/proc/sys/net/ipv6/conf/enp0s3/use_tempaddr' to '0' (current value is identical)
21:01:59,394 DEBUG NetworkManager:<debug> [1598562119.3942] platform-linux: sysctl: setting '/proc/sys/net/ipv6/conf/enp0s3/forwarding' to '0' (current value is identical)
21:01:59,394 INFO kernel:IPv6: ADDRCONF(NETDEV_UP): enp0s3: link is not ready
21:01:59,394 DEBUG NetworkManager:<debug> [1598562119.3947] device[78160529a5a3f25d] (enp0s3): bringing up device 2
21:01:59,394 DEBUG NetworkManager:<debug> [1598562119.3949] platform: (enp0s3) link: setting up
21:01:59,395 DEBUG NetworkManager:<debug> [1598562119.3950] platform-linux: link: change 2: flags: set 0x1/0x1 ([up] / [up])
21:01:59,401 INFO dbus-daemon:[system] Successfully activated service 'org.freedesktop.nm_dispatcher'
21:01:59,401 INFO systemd:Started Network Manager Script Dispatcher Service.
21:01:59,403 INFO nm-dispatcher:req:1 'hostname': new request (3 scripts)
21:01:59,405 DEBUG nm-dispatcher:req:1 'hostname': environment: PATH=/usr/local/sbin:/usr/local/bin:/usr/sbin:/usr/bin
21:01:59,405 DEBUG nm-dispatcher:req:1 'hostname': environment: NM_DISPATCHER_ACTION=hostname
21:01:59,405 INFO nm-dispatcher:req:1 'hostname': start running ordered scripts...
21:01:59,405 DEBUG nm-dispatcher:req:1 'hostname', "/etc/NetworkManager/dispatcher.d/04-iscsi": run script
21:01:59,407 INFO kernel:IPv6: ADDRCONF(NETDEV_UP): enp0s3: link is not ready
21:01:59,407 INFO kernel:8021q: adding VLAN 0 to HW filter on device enp0s3
21:01:59,407 INFO kernel:e1000: enp0s3 NIC Link is Up 1000 Mbps Full Duplex, Flow Control: RX
21:01:59,412 DEBUG NetworkManager:<debug> [1598562119.4126] platform-linux: do-request-link: 2 
21:01:59,412 DEBUG NetworkManager:<debug> [1598562119.4128] platform: (enp0s3) signal: link changed: 2: enp0s3 <UP;broadcast,multicast,up> mtu 1500 arp 1 ethernet? init addrgenmode none addr 08:00:27:38:E6:E4 brd FF:FF:FF:FF:FF:FF driver e1000 rx:0,0 tx:0,0
21:01:59,413 INFO kernel:IPv6: ADDRCONF(NETDEV_CHANGE): enp0s3: link becomes ready
21:01:59,413 DEBUG NetworkManager:<debug> [1598562119.4130] platform: (enp0s3) signal: route   6   added: table 255 ff00::/8 via :: dev 2 metric 256 mss 0 rt-src rt-boot
21:01:59,413 DEBUG NetworkManager:<debug> [1598562119.4132] platform: (enp0s3) signal: link changed: 2: enp0s3 <UP,LOWER_UP;broadcast,multicast,up,running,lowerup> mtu 1500 arp 1 ethernet? init addrgenmode none addr 08:00:27:38:E6:E4 brd FF:FF:FF:FF:FF:FF driver e1000 rx:0,0 tx:0,0
21:01:59,413 DEBUG NetworkManager:<debug> [1598562119.4134] platform-linux: do-change-link[2]: success changing link: success
21:01:59,415 INFO NetworkManager:<info>  [1598562119.4151] device (enp0s3): carrier: link connected
21:01:59,415 DEBUG NetworkManager:<debug> [1598562119.4153] device[78160529a5a3f25d] (enp0s3): speed is now 1000 Mb/s
21:01:59,416 DEBUG nm-dispatcher:req:1 'hostname', "/etc/NetworkManager/dispatcher.d/04-iscsi": complete
21:01:59,416 DEBUG nm-dispatcher:req:1 'hostname', "/etc/NetworkManager/dispatcher.d/11-dhclient": run script
21:01:59,417 DEBUG NetworkManager:<debug> [1598562119.4174] device[78160529a5a3f25d] (enp0s3): add_pending_action (2): 'queued-state-change-disconnected'
21:01:59,417 DEBUG NetworkManager:<debug> [1598562119.4175] device[78160529a5a3f25d] (enp0s3): queue-state[disconnected, reason:carrier-changed, id:27]: queue state change
21:01:59,417 DEBUG NetworkManager:<debug> [1598562119.4177] device[78160529a5a3f25d] (enp0s3): preparing device
21:01:59,417 DEBUG NetworkManager:<debug> [1598562119.4179] device[78160529a5a3f25d] (enp0s3): queue-state[disconnected, reason:carrier-changed, id:27]: clear queued state change
21:01:59,418 DEBUG NetworkManager:<debug> [1598562119.4182] device[78160529a5a3f25d] (enp0s3): remove_pending_action (1): 'queued-state-change-disconnected'
21:01:59,418 DEBUG NetworkManager:<debug> [1598562119.4184] device[78160529a5a3f25d] (enp0s3): clearing queued IP4 config change
21:01:59,418 DEBUG NetworkManager:<debug> [1598562119.4185] device[78160529a5a3f25d] (enp0s3): clearing queued IP6 config change
21:01:59,418 DEBUG NetworkManager:<debug> [1598562119.4189] platform-linux: sysctl: setting '/proc/sys/net/ipv6/conf/enp0s3/use_tempaddr' to '0' (current value is identical)
21:01:59,423 DEBUG NetworkManager:<debug> [1598562119.4231] platform: (enp0s3) ip6-route: delete table 255 ff00::/8 via :: dev 2 metric 256 mss 0 rt-src rt-boot
21:01:59,424 DEBUG NetworkManager:<debug> [1598562119.4248] platform: (enp0s3) signal: route   6 removed: table 255 ff00::/8 via :: dev 2 metric 256 mss 0 rt-src rt-boot
21:01:59,425 DEBUG NetworkManager:<debug> [1598562119.4258] device[78160529a5a3f25d] (enp0s3): queued IP6 config change
21:01:59,426 DEBUG NetworkManager:<debug> [1598562119.4260] platform-linux: do-delete-ip6-route[table 255 ff00::/8 via :: dev 2 metric 256 mss 0 rt-src rt-boot]: success
21:01:59,426 DEBUG NetworkManager:<debug> [1598562119.4261] rules-manager: sync
21:01:59,426 DEBUG NetworkManager:<debug> [1598562119.4262] device[78160529a5a3f25d] (enp0s3): ip4-config: update (commit=1, new-config=(nil))
21:01:59,426 DEBUG NetworkManager:<debug> [1598562119.4263] device[78160529a5a3f25d] (enp0s3): ip4-config: clear IP Config instance (/org/freedesktop/NetworkManager/IP4Config/1)
21:01:59,427 DEBUG NetworkManager:<debug> [1598562119.4271] dns-mgr: (device_ip_config_changed): queueing DNS updates (1)
21:01:59,427 DEBUG NetworkManager:<debug> [1598562119.4272] dns-mgr: (device_ip_config_changed): DNS configuration did not change
21:01:59,427 DEBUG NetworkManager:<debug> [1598562119.4273] dns-mgr: (device_ip_config_changed): no DNS changes to commit (0)
21:01:59,427 DEBUG NetworkManager:<debug> [1598562119.4279] device[78160529a5a3f25d] (enp0s3): ip6-config: update (commit=1, new-config=(nil))
21:01:59,428 DEBUG NetworkManager:<debug> [1598562119.4281] device[78160529a5a3f25d] (enp0s3): ip6-config: clear IP Config instance (/org/freedesktop/NetworkManager/IP6Config/1)
21:01:59,429 DEBUG NetworkManager:<debug> [1598562119.4291] dns-mgr: (device_ip_config_changed): queueing DNS updates (1)
21:01:59,429 DEBUG NetworkManager:<debug> [1598562119.4293] dns-mgr: (device_ip_config_changed): DNS configuration did not change
21:01:59,429 DEBUG NetworkManager:<debug> [1598562119.4294] dns-mgr: (device_ip_config_changed): no DNS changes to commit (0)
21:01:59,433 DEBUG NetworkManager:<debug> [1598562119.4333] device[78160529a5a3f25d] (enp0s3): add_pending_action (2): 'recheck-available'
21:01:59,437 DEBUG nm-dispatcher:req:1 'hostname', "/etc/NetworkManager/dispatcher.d/11-dhclient": complete
21:01:59,437 DEBUG nm-dispatcher:req:1 'hostname', "/etc/NetworkManager/dispatcher.d/20-chrony": run script
21:01:59,440 DEBUG NetworkManager:<debug> [1598562119.4409] device[78160529a5a3f25d] (enp0s3): connectivity state changed from UNKNOWN to NONE
21:01:59,441 DEBUG NetworkManager:<debug> [1598562119.4415] manager: connectivity checking indicates NONE
21:01:59,442 DEBUG NetworkManager:<debug> [1598562119.4421] dispatcher: (2) dispatching action 'connectivity-change'
21:01:59,443 DEBUG nm-dispatcher:req:1 'hostname', "/etc/NetworkManager/dispatcher.d/20-chrony": complete
21:01:59,443 DEBUG nm-dispatcher:req:1 'hostname': completed (3 scripts)
21:01:59,444 INFO nm-dispatcher:req:2 'connectivity-change': new request (3 scripts)
21:01:59,444 DEBUG nm-dispatcher:req:2 'connectivity-change': environment: CONNECTIVITY_STATE=NONE
21:01:59,444 DEBUG nm-dispatcher:req:2 'connectivity-change': environment: PATH=/usr/local/sbin:/usr/local/bin:/usr/sbin:/usr/bin
21:01:59,444 DEBUG nm-dispatcher:req:2 'connectivity-change': environment: NM_DISPATCHER_ACTION=connectivity-change
21:01:59,444 INFO nm-dispatcher:req:2 'connectivity-change': start running ordered scripts...
21:01:59,444 DEBUG nm-dispatcher:req:2 'connectivity-change', "/etc/NetworkManager/dispatcher.d/04-iscsi": run script
21:01:59,445 DEBUG NetworkManager:<debug> [1598562119.4451] device[78160529a5a3f25d] (enp0s3): connectivity state changed from UNKNOWN to NONE
21:01:59,446 DEBUG NetworkManager:<debug> [1598562119.4465] device[78160529a5a3f25d] (enp0s3): remove_pending_action (1): 'in-state-change'
21:01:59,448 DEBUG NetworkManager:<debug> [1598562119.4486] create NMVpnManager singleton (d4b05bd7235341c5)
21:01:59,448 DEBUG NetworkManager:<debug> [1598562119.4487] manager: creating virtual devices...
21:01:59,448 DEBUG NetworkManager:<debug> [1598562119.4489] setting up local loopback
21:01:59,449 DEBUG NetworkManager:<debug> [1598562119.4490] platform: (lo) link: setting up
21:01:59,449 DEBUG NetworkManager:<debug> [1598562119.4491] platform-linux: link: change 1: flags: set 0x1/0x1 ([up] / [up])
21:01:59,449 DEBUG NetworkManager:<debug> [1598562119.4492] platform-linux: do-request-link: 1 
21:01:59,449 DEBUG NetworkManager:<debug> [1598562119.4494] platform-linux: do-change-link[1]: success changing link: success
21:01:59,451 DEBUG nm-dispatcher:req:2 'connectivity-change', "/etc/NetworkManager/dispatcher.d/04-iscsi": complete
21:01:59,451 DEBUG nm-dispatcher:req:2 'connectivity-change', "/etc/NetworkManager/dispatcher.d/11-dhclient": run script
21:01:59,459 DEBUG NetworkManager:<debug> [1598562119.4594] dispatcher: (1) /etc/NetworkManager/dispatcher.d/04-iscsi succeeded
21:01:59,459 DEBUG NetworkManager:<debug> [1598562119.4596] dispatcher: (1) /etc/NetworkManager/dispatcher.d/11-dhclient succeeded
21:01:59,459 DEBUG NetworkManager:<debug> [1598562119.4597] dispatcher: (1) /etc/NetworkManager/dispatcher.d/20-chrony succeeded
21:01:59,460 DEBUG NetworkManager:<debug> [1598562119.4599] sleep-monitor-sd: inhibit: taking sleep inhibitor...
21:01:59,460 DEBUG nm-dispatcher:req:2 'connectivity-change', "/etc/NetworkManager/dispatcher.d/11-dhclient": complete
21:01:59,461 DEBUG nm-dispatcher:req:2 'connectivity-change', "/etc/NetworkManager/dispatcher.d/20-chrony": run script
21:01:59,463 DEBUG NetworkManager:<debug> [1598562119.4630] ifcfg-rh: dbus: acquired D-Bus service com.redhat.ifcfgrh1 and exported /com/redhat/ifcfgrh1 object
21:01:59,463 DEBUG NetworkManager:<debug> [1598562119.4632] sleep-monitor-sd: inhibit: inhibitor fd is 19
21:01:59,463 DEBUG NetworkManager:<debug> [1598562119.4638] device[69f5051119d1bf2d] (lo): ip4-config: update (commit=0, new-config=0x558cc5bb2130)
21:01:59,469 DEBUG NetworkManager:<debug> [1598562119.4693] device[69f5051119d1bf2d] (lo): ip4-config: set IP Config instance (/org/freedesktop/NetworkManager/IP4Config/2)
21:01:59,471 DEBUG NetworkManager:<debug> [1598562119.4712] dns-mgr: (device_ip_config_changed): queueing DNS updates (1)
21:01:59,471 DEBUG NetworkManager:<debug> [1598562119.4713] dns-mgr: (device_ip_config_changed): DNS configuration did not change
21:01:59,471 DEBUG NetworkManager:<debug> [1598562119.4715] dns-mgr: (device_ip_config_changed): no DNS changes to commit (0)
21:01:59,471 DEBUG NetworkManager:<debug> [1598562119.4717] platform-linux: sysctl: reading '/proc/sys/net/ipv6/conf/lo/disable_ipv6': '0'
21:01:59,471 DEBUG NetworkManager:<debug> [1598562119.4719] device[69f5051119d1bf2d] (lo): ip6-config: update (commit=0, new-config=0x558cc5b98170)
21:01:59,474 DEBUG nm-dispatcher:req:2 'connectivity-change', "/etc/NetworkManager/dispatcher.d/20-chrony": complete
21:01:59,474 DEBUG nm-dispatcher:req:2 'connectivity-change': completed (3 scripts)
21:01:59,475 DEBUG NetworkManager:<debug> [1598562119.4749] device[69f5051119d1bf2d] (lo): ip6-config: set IP Config instance (/org/freedesktop/NetworkManager/IP6Config/2)
21:01:59,475 DEBUG NetworkManager:<debug> [1598562119.4757] dns-mgr: (device_ip_config_changed): queueing DNS updates (1)
21:01:59,475 DEBUG NetworkManager:<debug> [1598562119.4758] dns-mgr: (device_ip_config_changed): DNS configuration did not change
21:01:59,476 DEBUG NetworkManager:<debug> [1598562119.4765] dns-mgr: (device_ip_config_changed): no DNS changes to commit (0)
21:01:59,476 DEBUG NetworkManager:<debug> [1598562119.4766] manager: (enp0s3): assume: cannot generate connection: device has no existing configuration
21:01:59,477 DEBUG NetworkManager:<debug> [1598562119.4772] device[78160529a5a3f25d] (enp0s3): ip6-config: update (commit=0, new-config=0x558cc5b986c0)
21:01:59,478 DEBUG NetworkManager:<debug> [1598562119.4780] device[78160529a5a3f25d] (enp0s3): ip6-config: set IP Config instance (/org/freedesktop/NetworkManager/IP6Config/3)
21:01:59,479 DEBUG NetworkManager:<debug> [1598562119.4795] dns-mgr: (device_ip_config_changed): queueing DNS updates (1)
21:01:59,479 DEBUG NetworkManager:<debug> [1598562119.4796] dns-mgr: (device_ip_config_changed): DNS configuration did not change
21:01:59,479 DEBUG NetworkManager:<debug> [1598562119.4798] dns-mgr: (device_ip_config_changed): no DNS changes to commit (0)
21:01:59,479 DEBUG NetworkManager:<debug> [1598562119.4799] device[78160529a5a3f25d] (enp0s3): add_pending_action (2): 'queued-state-change-disconnected'
21:01:59,480 DEBUG NetworkManager:<debug> [1598562119.4800] device[78160529a5a3f25d] (enp0s3): queue-state[disconnected, reason:none, id:45]: queue state change
21:01:59,480 DEBUG NetworkManager:<debug> [1598562119.4801] device[78160529a5a3f25d] (enp0s3): is available, will transition to disconnected
21:01:59,480 DEBUG NetworkManager:<debug> [1598562119.4803] device[78160529a5a3f25d] (enp0s3): remove_pending_action (1): 'recheck-available'
21:01:59,480 DEBUG NetworkManager:<debug> [1598562119.4805] dispatcher: (2) /etc/NetworkManager/dispatcher.d/04-iscsi succeeded
21:01:59,480 DEBUG NetworkManager:<debug> [1598562119.4806] dispatcher: (2) /etc/NetworkManager/dispatcher.d/11-dhclient succeeded
21:01:59,480 DEBUG NetworkManager:<debug> [1598562119.4807] dispatcher: (2) /etc/NetworkManager/dispatcher.d/20-chrony succeeded
21:01:59,480 DEBUG NetworkManager:<debug> [1598562119.4808] manager: (lo): assume: don't assume because not managed
21:01:59,481 DEBUG NetworkManager:<debug> [1598562119.4810] manager: (enp0s3): assume: cannot generate connection: device has no existing configuration
21:01:59,481 DEBUG NetworkManager:<debug> [1598562119.4813] device[78160529a5a3f25d] (enp0s3): queue-state[disconnected, reason:none, id:45]: change state
21:01:59,481 INFO NetworkManager:<info>  [1598562119.4814] device (enp0s3): state change: unavailable -> disconnected (reason 'none', sys-iface-state: 'managed')
21:01:59,481 DEBUG NetworkManager:<debug> [1598562119.4815] device[78160529a5a3f25d] (enp0s3): add_pending_action (2): 'in-state-change'
21:01:59,481 DEBUG NetworkManager:<debug> [1598562119.4816] device[78160529a5a3f25d] (enp0s3): will enable userland IPv6LL
21:01:59,481 DEBUG NetworkManager:<debug> [1598562119.4817] platform-linux: link: change 2: user-ipv6ll: set IPv6 address generation mode to none
21:01:59,481 DEBUG NetworkManager:<debug> [1598562119.4819] platform-linux: do-request-link: 2 
21:01:59,482 DEBUG NetworkManager:<debug> [1598562119.4821] platform-linux: do-change-link[2]: success changing link: success
21:01:59,483 DEBUG NetworkManager:<debug> [1598562119.4834] platform-linux: sysctl: setting '/proc/sys/net/ipv6/conf/enp0s3/disable_ipv6' to '1' (current value is '0')
21:01:59,484 DEBUG NetworkManager:<debug> [1598562119.4840] platform-linux: sysctl: setting '/proc/sys/net/ipv6/conf/enp0s3/disable_ipv6' to '0' (current value is '1')
21:01:59,489 DEBUG NetworkManager:<debug> [1598562119.4892] platform-linux: sysctl: setting '/proc/sys/net/ipv6/conf/enp0s3/accept_ra' to '0' (current value is identical)
21:01:59,489 DEBUG NetworkManager:<debug> [1598562119.4894] platform-linux: sysctl: setting '/proc/sys/net/ipv6/conf/enp0s3/use_tempaddr' to '0' (current value is identical)
21:01:59,489 DEBUG NetworkManager:<debug> [1598562119.4896] platform-linux: sysctl: setting '/proc/sys/net/ipv6/conf/enp0s3/forwarding' to '0' (current value is identical)
21:01:59,491 DEBUG NetworkManager:<debug> [1598562119.4917] device[78160529a5a3f25d] (enp0s3): add_pending_action (3): 'autoactivate'
21:01:59,491 DEBUG NetworkManager:<debug> [1598562119.4919] device[78160529a5a3f25d] (enp0s3): remove_pending_action (2): 'in-state-change'
21:01:59,492 DEBUG NetworkManager:<debug> [1598562119.4921] device[78160529a5a3f25d] (enp0s3): remove_pending_action (1): 'queued-state-change-disconnected'
21:01:59,492 DEBUG NetworkManager:<debug> [1598562119.4923] platform: (enp0s3) signal: route   6   added: table 255 ff00::/8 via :: dev 2 metric 256 mss 0 rt-src rt-boot
21:01:59,494 DEBUG NetworkManager:<debug> [1598562119.4941] device[78160529a5a3f25d] (enp0s3): queued IP6 config change
21:01:59,494 DEBUG NetworkManager:<debug> [1598562119.4942] device[78160529a5a3f25d] (enp0s3): remove_pending_action (0): 'autoactivate'
21:01:59,494 DEBUG NetworkManager:<debug> [1598562119.4944] device[78160529a5a3f25d] (enp0s3): ip6-config: update (commit=0, new-config=0x558cc5b989f0)
21:01:59,495 DEBUG NetworkManager:<debug> [1598562119.4954] device[78160529a5a3f25d] (enp0s3): ip6-config: update IP Config instance (/org/freedesktop/NetworkManager/IP6Config/3)
21:01:59,495 DEBUG NetworkManager:<debug> [1598562119.4955] dns-mgr: (device_ip_config_changed): queueing DNS updates (1)
21:01:59,495 DEBUG NetworkManager:<debug> [1598562119.4957] dns-mgr: (device_ip_config_changed): DNS configuration did not change
21:01:59,495 DEBUG NetworkManager:<debug> [1598562119.4958] dns-mgr: (device_ip_config_changed): no DNS changes to commit (0)
21:01:59,495 DEBUG NetworkManager:<debug> [1598562119.4959] manager: (enp0s3): assume: cannot generate connection: device has no existing configuration
21:01:59,496 INFO NetworkManager:<info>  [1598562119.4961] manager: startup complete
21:01:59,499 INFO systemd:Started Network Manager Wait Online.
21:01:59,499 INFO systemd:Reached target Network is Online.
21:01:59,500 INFO systemd:Starting System Logging Service...
21:01:59,572 INFO systemd:Started System Logging Service.
21:01:59,574 WARNING rsyslogd:warning: ~ action is deprecated, consider using the 'stop' statement instead [v8.1911.0-3.el8 try https://www.rsyslog.com/e/2307 ]
21:01:59,576 ERR rsyslogd:imfile: no working or state file directory set, imfile will create state files in the current working directory (probably the root dir). Use global(workDirectory="/some/path") to set the working directory [v8.1911.0-3.el8 try https://www.rsyslog.com/e/2450 ]
21:01:59,576 ERR rsyslogd:imfile: on startup file '/tmp/X.log' does not exist but is configured in static file monitor - this may indicate a misconfiguration. If the file appears at a later time, it will automatically be processed. Reason: No such file or directory [v8.1911.0-3.el8]
21:01:59,576 ERR rsyslogd:imfile: on startup file '/tmp/anaconda-tb-all.log' does not exist but is configured in static file monitor - this may indicate a misconfiguration. If the file appears at a later time, it will automatically be processed. Reason: No such file or directory [v8.1911.0-3.el8]
21:01:59,576 INFO rsyslogd:[origin software="rsyslogd" swVersion="8.1911.0-3.el8" x-pid="1639" x-info="https://www.rsyslog.com"] start
21:01:59,576 NOTICE rsyslogd:imjournal: No statefile exists, /imjournal.state will be created (ignore if this is first run): No such file or directory [v8.1911.0-3.el8 try https://www.rsyslog.com/e/2040 ]
21:01:59,781 NOTICE rsyslogd:imjournal: journal files changed, reloading...  [v8.1911.0-3.el8 try https://www.rsyslog.com/e/0 ]
21:02:01,745 INFO rngd:Initializing AES buffer
21:02:01,746 INFO rngd:Enabling JITTER rng support
21:02:01,746 INFO rngd:Initializing entropy source jitter
21:02:03,684 INFO systemd:Started RHSM dbus service.
21:02:03,685 INFO systemd:Reached target Anaconda System Services.
21:02:03,685 INFO systemd:Starting Anaconda...
21:02:03,813 INFO systemd:Started Anaconda.
21:02:03,814 INFO systemd:Started Anaconda Text Console.
21:02:03,815 INFO systemd:Startup finished in 4.913s (kernel) + 18.407s (initrd) + 14.899s (userspace) = 38.221s.
21:02:07,011 INFO dbus-daemon:[system] Activating via systemd: service name='org.freedesktop.UDisks2' unit='udisks2.service' requested by ':1.9' (uid=0 pid=1661 comm="/usr/libexec/platform-python /sbin/anaconda " label="system_u:system_r:kernel_t:s0")
21:02:07,013 INFO systemd:Starting Disk Manager...
21:02:07,052 NOTICE journal:udisks daemon version 2.8.3 starting
